Component: ARM Compiler 5.06 update 3 (build 300) Tool: armlink [4d35c9]

==============================================================================

Section Cross References

    main.o(i.main) refers to _printf_percent.o(.ARM.Collect$$_printf_percent$$00000000) for _printf_percent
    main.o(i.main) refers to _printf_d.o(.ARM.Collect$$_printf_percent$$00000009) for _printf_d
    main.o(i.main) refers to _printf_dec.o(.text) for _printf_int_dec
    main.o(i.main) refers to _printf_s.o(.ARM.Collect$$_printf_percent$$00000014) for _printf_s
    main.o(i.main) refers to _printf_str.o(.text) for _printf_str
    main.o(i.main) refers to _printf_x.o(.ARM.Collect$$_printf_percent$$0000000C) for _printf_x
    main.o(i.main) refers to _printf_hex_int.o(.text) for _printf_longlong_hex
    main.o(i.main) refers to stm32f4xx_hal.o(i.HAL_Init) for HAL_Init
    main.o(i.main) refers to sys.o(i.Stm32_Clock_Init) for Stm32_Clock_Init
    main.o(i.main) refers to delay.o(i.delay_init) for delay_init
    main.o(i.main) refers to usart.o(i.uart_init) for uart_init
    main.o(i.main) refers to delay.o(i.delay_ms) for delay_ms
    main.o(i.main) refers to noretval__2printf.o(.text) for __2printf
    main.o(i.main) refers to led.o(i.LED_Init) for LED_Init
    main.o(i.main) refers to key.o(i.KEY_Init) for KEY_Init
    main.o(i.main) refers to sdram.o(i.SDRAM_Init) for SDRAM_Init
    main.o(i.main) refers to w25qxx.o(i.W25QXX_Init) for W25QXX_Init
    main.o(i.main) refers to malloc.o(i.my_mem_init) for my_mem_init
    main.o(i.main) refers to exfuns.o(i.exfuns_init) for exfuns_init
    main.o(i.main) refers to ff.o(i.f_mount) for f_mount
    main.o(i.main) refers to ff.o(i.f_mkfs) for f_mkfs
    main.o(i.main) refers to ff.o(i.f_setlabel) for f_setlabel
    main.o(i.main) refers to ff.o(i.f_getcwd) for f_getcwd
    main.o(i.main) refers to fattester.o(i.mf_scan_files) for mf_scan_files
    main.o(i.main) refers to malloc.o(i.mymalloc) for mymalloc
    main.o(i.main) refers to ff.o(i.f_open) for f_open
    main.o(i.main) refers to ff.o(i.f_read) for f_read
    main.o(i.main) refers to iap.o(i.iap_write_appbin) for iap_write_appbin
    main.o(i.main) refers to iap.o(i.iap_load_app) for iap_load_app
    main.o(i.main) refers to exfuns.o(.bss) for fs
    main.o(i.main) refers to main.o(.data) for .data
    main.o(i.main) refers to main.o(.bss) for .bss
    main.o(i.main) refers to exfuns.o(.data) for br
    stm32f4xx_it.o(i.SysTick_Handler) refers to stm32f4xx_hal.o(i.HAL_IncTick) for HAL_IncTick
    system_stm32f4xx.o(i.SystemCoreClockUpdate) refers to system_stm32f4xx.o(.data) for .data
    startup_stm32f429xx.o(STACK) refers (Special) to heapauxi.o(.text) for __use_two_region_memory
    startup_stm32f429xx.o(HEAP) refers (Special) to heapauxi.o(.text) for __use_two_region_memory
    startup_stm32f429xx.o(RESET) refers (Special) to heapauxi.o(.text) for __use_two_region_memory
    startup_stm32f429xx.o(RESET) refers to startup_stm32f429xx.o(STACK) for __initial_sp
    startup_stm32f429xx.o(RESET) refers to startup_stm32f429xx.o(.text) for Reset_Handler
    startup_stm32f429xx.o(RESET) refers to stm32f4xx_it.o(i.NMI_Handler) for NMI_Handler
    startup_stm32f429xx.o(RESET) refers to stm32f4xx_it.o(i.HardFault_Handler) for HardFault_Handler
    startup_stm32f429xx.o(RESET) refers to stm32f4xx_it.o(i.MemManage_Handler) for MemManage_Handler
    startup_stm32f429xx.o(RESET) refers to stm32f4xx_it.o(i.BusFault_Handler) for BusFault_Handler
    startup_stm32f429xx.o(RESET) refers to stm32f4xx_it.o(i.UsageFault_Handler) for UsageFault_Handler
    startup_stm32f429xx.o(RESET) refers to stm32f4xx_it.o(i.SVC_Handler) for SVC_Handler
    startup_stm32f429xx.o(RESET) refers to stm32f4xx_it.o(i.DebugMon_Handler) for DebugMon_Handler
    startup_stm32f429xx.o(RESET) refers to stm32f4xx_it.o(i.PendSV_Handler) for PendSV_Handler
    startup_stm32f429xx.o(RESET) refers to stm32f4xx_it.o(i.SysTick_Handler) for SysTick_Handler
    startup_stm32f429xx.o(RESET) refers to usart.o(i.USART1_IRQHandler) for USART1_IRQHandler
    startup_stm32f429xx.o(.text) refers (Special) to heapauxi.o(.text) for __use_two_region_memory
    startup_stm32f429xx.o(.text) refers to system_stm32f4xx.o(i.SystemInit) for SystemInit
    startup_stm32f429xx.o(.text) refers to __main.o(!!!main) for __main
    startup_stm32f429xx.o(.text) refers to startup_stm32f429xx.o(HEAP) for Heap_Mem
    startup_stm32f429xx.o(.text) refers to startup_stm32f429xx.o(STACK) for Stack_Mem
    stm32f4xx_hal.o(i.HAL_DeInit) refers to stm32f4xx_hal.o(i.HAL_MspDeInit) for HAL_MspDeInit
    stm32f4xx_hal.o(i.HAL_Delay) refers to stm32f4xx_hal.o(i.HAL_GetTick) for HAL_GetTick
    stm32f4xx_hal.o(i.HAL_GetTick) refers to stm32f4xx_hal.o(.data) for .data
    stm32f4xx_hal.o(i.HAL_IncTick) refers to stm32f4xx_hal.o(.data) for .data
    stm32f4xx_hal.o(i.HAL_Init) refers to stm32f4xx_hal_cortex.o(i.HAL_NVIC_SetPriorityGrouping) for HAL_NVIC_SetPriorityGrouping
[...]
    i.remove_chain                           0x08006c32   Section        0  ff.o(i.remove_chain)
    remove_chain                             0x08006c33   Thumb Code   114  ff.o(i.remove_chain)
    i.st_clust                               0x08006ca4   Section        0  ff.o(i.st_clust)
    st_clust                                 0x08006ca5   Thumb Code    40  ff.o(i.st_clust)
    i.st_dword                               0x08006ccc   Section        0  ff.o(i.st_dword)
    st_dword                                 0x08006ccd   Thumb Code    16  ff.o(i.st_dword)
    i.st_word                                0x08006cdc   Section        0  ff.o(i.st_word)
    st_word                                  0x08006cdd   Thumb Code     8  ff.o(i.st_word)
    i.sync_fs                                0x08006ce4   Section        0  ff.o(i.sync_fs)
    sync_fs                                  0x08006ce5   Thumb Code   126  ff.o(i.sync_fs)
    i.sync_window                            0x08006d6c   Section        0  ff.o(i.sync_window)
    sync_window                              0x08006d6d   Thumb Code    82  ff.o(i.sync_window)
    i.uart_init                              0x08006dc0   Section        0  usart.o(i.uart_init)
    i.validate                               0x08006de4   Section        0  ff.o(i.validate)
    validate                                 0x08006de5   Thumb Code    50  ff.o(i.validate)
    x$fpl$fpinit                             0x08006e16   Section       10  fpinit.o(x$fpl$fpinit)
    $v0                                      0x08006e16   Number         0  fpinit.o(x$fpl$fpinit)
    .constdata                               0x08006e20   Section       16  stm32f4xx_hal_rcc.o(.constdata)
    .constdata                               0x08006e30   Section       36  malloc.o(.constdata)
    .constdata                               0x08006e54   Section       60  ff.o(.constdata)
    badchr                                   0x08006e54   Data          16  ff.o(.constdata)
    vst                                      0x08006e64   Data          22  ff.o(.constdata)
    cst                                      0x08006e7a   Data          22  ff.o(.constdata)
    .constdata                               0x08006e90   Section       40  _printf_hex_int.o(.constdata)
    uc_hextab                                0x08006e90   Data          20  _printf_hex_int.o(.constdata)
    lc_hextab                                0x08006ea4   Data          20  _printf_hex_int.o(.constdata)
    .ARM.__AT_0x10000000                     0x10000000   Section    61440  malloc.o(.ARM.__AT_0x10000000)
    .ARM.__AT_0x1000F000                     0x1000f000   Section     3840  malloc.o(.ARM.__AT_0x1000F000)
    .data                                    0x20000000   Section        4  main.o(.data)
    .data                                    0x20000004   Section       20  system_stm32f4xx.o(.data)
    .data                                    0x20000018   Section        4  stm32f4xx_hal.o(.data)
    uwTick                                   0x20000018   Data           4  stm32f4xx_hal.o(.data)
    .data                                    0x2000001c   Section        4  delay.o(.data)
    fac_us                                   0x2000001c   Data           4  delay.o(.data)
    .data                                    0x20000020   Section        2  usart.o(.data)
    .data                                    0x20000024   Section        4  usart.o(.data)
    .data                                    0x20000028   Section        2  w25qxx.o(.data)
    .data                                    0x2000002c   Section        4  ftl.o(.data)
    curblock                                 0x2000002c   Data           4  ftl.o(.data)
    .data                                    0x20000030   Section       36  malloc.o(.data)
    .data                                    0x20000054   Section        4  ff.o(.data)
    CurrVol                                  0x20000054   Data           1  ff.o(.data)
    Fsid                                     0x20000056   Data           2  ff.o(.data)
    .data                                    0x20000058   Section       12  exfuns.o(.data)
    .data                                    0x20000064   Section        4  exfuns.o(.data)
    .data                                    0x20000068   Section        4  iap.o(.data)
    .bss                                     0x2000006c   Section      556  main.o(.bss)
    .bss                                     0x20000298   Section       32  stm32f4xx_hal_flash.o(.bss)
    .bss                                     0x200002b8   Section      264  usart.o(.bss)
    .bss                                     0x200003c0   Section       52  sdram.o(.bss)
    .bss                                     0x200003f8   Section      696  sdio_sdcard.o(.bss)
    .bss                                     0x200006b0   Section      176  spi.o(.bss)
    .bss                                     0x20000760   Section     4096  w25qxx.o(.bss)
    .bss                                     0x20001760   Section      148  nand.o(.bss)
    .bss                                     0x20001800   Section    163840  malloc.o(.bss)
    .bss                                     0x20029800   Section    10240  malloc.o(.bss)
    .bss                                     0x2002c000   Section       12  ff.o(.bss)
    FatFs                                    0x2002c000   Data          12  ff.o(.bss)
    .bss                                     0x2002c00c   Section       12  exfuns.o(.bss)
    .bss                                     0x2002c018   Section       24  exfuns.o(.bss)
    .bss                                     0x2002c030   Section       36  exfuns.o(.bss)
    .bss                                     0x2002c054   Section     2048  iap.o(.bss)
    .bss                                     0x2002c854   Section       96  libspace.o(.bss)
    HEAP                                     0x2002c8b8   Section      512  startup_stm32f429xx.o(HEAP)
    Heap_Mem                                 0x2002c8b8   Data         512  startup_stm32f429xx.o(HEAP)
    STACK                                    0x2002cab8   Section     1024  startup_stm32f429xx.o(STACK)
    Stack_Mem                                0x2002cab8   Data        1024  startup_stm32f429xx.o(STACK)
    __initial_sp                             0x2002ceb8   Data           0  startup_stm32f429xx.o(STACK)
    .ARM.__AT_0xC01F4000                     0xc01f4000   Section    29605888  malloc.o(.ARM.__AT_0xC01F4000)
    .ARM.__AT_0xC1E30000                     0xc1e30000   Section    1850368  malloc.o(.ARM.__AT_0xC1E30000)

    Global Symbols

    Symbol Name                              Value     Ov Type        Size  Object(Section)

    BuildAttributes$$THM_ISAv4$E$P$D$K$B$S$7EM$VFPi3$EXTD16$VFPS$VFMA$PE$A:L22UL41UL21$X:L11$S22US41US21$IEEE1$IW$USESV6$~STKCKD$USESV7$~SHL$OSPACE$ROPI$EBA8$UX$STANDARDLIB$REQ8$PRES8$EABIv2 0x00000000   Number         0  anon$$obj.o ABSOLUTE
    __ARM_use_no_argv                        0x00000000   Number         0  main.o ABSOLUTE
    _printf_flags                            0x00000000   Number         0  printf_stubs.o ABSOLUTE
    _printf_return_value                     0x00000000   Number         0  printf_stubs.o ABSOLUTE
    _printf_sizespec                         0x00000000   Number         0  printf_stubs.o ABSOLUTE
    _printf_widthprec                        0x00000000   Number         0  printf_stubs.o ABSOLUTE
    __ARM_exceptions_init                     - Undefined Weak Reference
    __alloca_initialize                       - Undefined Weak Reference
    __arm_preinit_                            - Undefined Weak Reference
    __cpp_initialize__aeabi_                  - Undefined Weak Reference
    __cxa_finalize                            - Undefined Weak Reference
    __rt_locale                               - Undefined Weak Reference
    __sigvec_lookup                           - Undefined Weak Reference
    _atexit_init                              - Undefined Weak Reference
    _call_atexit_fns                          - Undefined Weak Reference
    _clock_init                               - Undefined Weak Reference
    _fp_trap_init                             - Undefined Weak Reference
    _fp_trap_shutdown                         - Undefined Weak Reference
    _get_lc_collate                           - Undefined Weak Reference
    _get_lc_ctype                             - Undefined Weak Reference
    _get_lc_monetary                          - Undefined Weak Reference
    _get_lc_numeric                           - Undefined Weak Reference
    _get_lc_time                              - Undefined Weak Reference
    _getenv_init                              - Undefined Weak Reference
    _handle_redirection                       - Undefined Weak Reference
    _init_alloc                               - Undefined Weak Reference
    _init_user_alloc                          - Undefined Weak Reference
    _initio                                   - Undefined Weak Reference
    _mutex_acquire                            - Undefined Weak Reference
    _mutex_release                            - Undefined Weak Reference
    _printf_mbtowc                            - Undefined Weak Reference
    _printf_post_padding                      - Undefined Weak Reference
    _printf_pre_padding                       - Undefined Weak Reference
    _printf_truncate_signed                   - Undefined Weak Reference
    _printf_truncate_unsigned                 - Undefined Weak Reference
    _rand_init                                - Undefined Weak Reference
    _signal_finish                            - Undefined Weak Reference
    _signal_init                              - Undefined Weak Reference
    _terminate_alloc                          - Undefined Weak Reference
    _terminate_user_alloc                     - Undefined Weak Reference
    _terminateio                              - Undefined Weak Reference
    __Vectors_Size                           0x000001ac   Number         0  startup_stm32f429xx.o ABSOLUTE
    __Vectors                                0x08000000   Data           4  startup_stm32f429xx.o(RESET)
    __Vectors_End                            0x080001ac   Data           0  startup_stm32f429xx.o(RESET)
    __main                                   0x080001ad   Thumb Code     8  __main.o(!!!main)
    __scatterload                            0x080001b5   Thumb Code     0  __scatter.o(!!!scatter)
    __scatterload_rt2                        0x080001b5   Thumb Code    44  __scatter.o(!!!scatter)
    __scatterload_rt2_thumb_only             0x080001b5   Thumb Code     0  __scatter.o(!!!scatter)
    __scatterload_null                       0x080001c3   Thumb Code     0  __scatter.o(!!!scatter)
    __scatterload_copy                       0x080001e9   Thumb Code    26  __scatter_copy.o(!!handler_copy)
    __scatterload_zeroinit                   0x08000205   Thumb Code    28  __scatter_zi.o(!!handler_zi)
    _printf_d                                0x08000221   Thumb Code     0  _printf_d.o(.ARM.Collect$$_printf_percent$$00000009)
    _printf_percent                          0x08000221   Thumb Code     0  _printf_percent.o(.ARM.Collect$$_printf_percent$$00000000)
    _printf_x                                0x08000227   Thumb Code     0  _printf_x.o(.ARM.Collect$$_printf_percent$$0000000C)
    _printf_s                                0x0800022d   Thumb Code     0  _printf_s.o(.ARM.Collect$$_printf_percent$$00000014)
    _printf_percent_end                      0x08000233   Thumb Code     0  _printf_percent_end.o(.ARM.Collect$$_printf_percent$$00000017)
    __rt_lib_init                            0x08000237   Thumb Code     0  libinit.o(.ARM.Collect$$libinit$$00000000)
    __rt_lib_init_fp_1                       0x08000239   Thumb Code     0  libinit2.o(.ARM.Collect$$libinit$$00000001)
    __rt_lib_init_alloca_1                   0x0800023d   Thumb Code     0  libinit2.o(.ARM.Collect$$libinit$$0000002E)
    __rt_lib_init_argv_1                     0x0800023d   Thumb Code     0  libinit2.o(.ARM.Collect$$libinit$$0000002C)
    __rt_lib_init_atexit_1                   0x0800023d   Thumb Code     0  libinit2.o(.ARM.Collect$$libinit$$0000001B)
    __rt_lib_init_clock_1                    0x0800023d   Thumb Code     0  libinit2.o(.ARM.Collect$$libinit$$00000021)
    __rt_lib_init_cpp_1                      0x0800023d   Thumb Code     0  libinit2.o(.ARM.Collect$$libinit$$00000032)
    __rt_lib_init_exceptions_1               0x0800023d   Thumb Code     0  libinit2.o(.ARM.Collect$$libinit$$00000030)
    __rt_lib_init_fp_trap_1                  0x0800023d   Thumb Code     0  libinit2.o(.ARM.Collect$$libinit$$0000001F)
    __rt_lib_init_getenv_1                   0x0800023d   Thumb Code     0  libinit2.o(.ARM.Collect$$libinit$$00000023)
    __rt_lib_init_heap_1                     0x0800023d   Thumb Code     0  libinit2.o(.ARM.Collect$$libinit$$0000000A)
    __rt_lib_init_lc_collate_1               0x0800023d   Thumb Code     0  libinit2.o(.ARM.Collect$$libinit$$00000011)
    __rt_lib_init_lc_ctype_1                 0x0800023d   Thumb Code     0  libinit2.o(.ARM.Collect$$libinit$$00000013)
    __rt_lib_init_lc_monetary_1              0x0800023d   Thumb Code     0  libinit2.o(.ARM.Collect$$libinit$$00000015)
    __rt_lib_init_lc_numeric_1               0x0800023d   Thumb Code     0  libinit2.o(.ARM.Collect$$libinit$$00000017)
    __rt_lib_init_lc_time_1                  0x0800023d   Thumb Code     0  libinit2.o(.ARM.Collect$$libinit$$00000019)
    __rt_lib_init_preinit_1                  0x0800023d   Thumb Code     0  libinit2.o(.ARM.Collect$$libinit$$00000004)
    __rt_lib_init_rand_1                     0x0800023d   Thumb Code     0  libinit2.o(.ARM.Collect$$libinit$$0000000E)
    __rt_lib_init_return                     0x0800023d   Thumb Code     0  libinit2.o(.ARM.Collect$$libinit$$00000033)
    __rt_lib_init_signal_1                   0x0800023d   Thumb Code     0  libinit2.o(.ARM.Collect$$libinit$$0000001D)
    __rt_lib_init_stdio_1                    0x0800023d   Thumb Code     0  libinit2.o(.ARM.Collect$$libinit$$00000025)
    __rt_lib_init_user_alloc_1               0x0800023d   Thumb Code     0  libinit2.o(.ARM.Collect$$libinit$$0000000C)
    __rt_lib_shutdown                        0x0800023f   Thumb Code     0  libshutdown.o(.ARM.Collect$$libshutdown$$00000000)
    __rt_lib_shutdown_cpp_1                  0x08000241   Thumb Code     0  libshutdown2.o(.ARM.Collect$$libshutdown$$00000002)
    __rt_lib_shutdown_fp_trap_1              0x08000241   Thumb Code     0  libshutdown2.o(.ARM.Collect$$libshutdown$$00000007)
    __rt_lib_shutdown_heap_1                 0x08000241   Thumb Code     0  libshutdown2.o(.ARM.Collect$$libshutdown$$0000000F)
    __rt_lib_shutdown_return                 0x08000241   Thumb Code     0  libshutdown2.o(.ARM.Collect$$libshutdown$$00000010)
    __rt_lib_shutdown_signal_1               0x08000241   Thumb Code     0  libshutdown2.o(.ARM.Collect$$libshutdown$$0000000A)
    __rt_lib_shutdown_stdio_1                0x08000241   Thumb Code     0  libshutdown2.o(.ARM.Collect$$libshutdown$$00000004)
    __rt_lib_shutdown_user_alloc_1           0x08000241   Thumb Code     0  libshutdown2.o(.ARM.Collect$$libshutdown$$0000000C)
    __rt_entry                               0x08000243   Thumb Code     0  __rtentry.o(.ARM.Collect$$rtentry$$00000000)
    __rt_entry_presh_1                       0x08000243   Thumb Code     0  __rtentry2.o(.ARM.Collect$$rtentry$$00000002)
    __rt_entry_sh                            0x08000243   Thumb Code     0  __rtentry4.o(.ARM.Collect$$rtentry$$00000004)
    __rt_entry_li                            0x08000249   Thumb Code     0  __rtentry2.o(.ARM.Collect$$rtentry$$0000000A)
    __rt_entry_postsh_1                      0x08000249   Thumb Code     0  __rtentry2.o(.ARM.Collect$$rtentry$$00000009)
    __rt_entry_main                          0x0800024d   Thumb Code     0  __rtentry2.o(.ARM.Collect$$rtentry$$0000000D)
    __rt_entry_postli_1                      0x0800024d   Thumb Code     0  __rtentry2.o(.ARM.Collect$$rtentry$$0000000C)
    __rt_exit                                0x08000255   Thumb Code     0  rtexit.o(.ARM.Collect$$rtexit$$00000000)
    __rt_exit_ls                             0x08000257   Thumb Code     0  rtexit2.o(.ARM.Collect$$rtexit$$00000003)
    __rt_exit_prels_1                        0x08000257   Thumb Code     0  rtexit2.o(.ARM.Collect$$rtexit$$00000002)
    __rt_exit_exit                           0x0800025b   Thumb Code     0  rtexit2.o(.ARM.Collect$$rtexit$$00000004)
    WFI_SET                                  0x08000261   Thumb Code     2  sys.o(.emb_text)
    INTX_DISABLE                             0x08000263   Thumb Code     4  sys.o(.emb_text)
    INTX_ENABLE                              0x08000267   Thumb Code     4  sys.o(.emb_text)
    MSR_MSP                                  0x0800026b   Thumb Code     6  sys.o(.emb_text)
    Reset_Handler                            0x08000271   Thumb Code     8  startup_stm32f429xx.o(.text)
    ADC_IRQHandler                           0x0800028b   Thumb Code     0  startup_stm32f429xx.o(.text)
    CAN1_RX0_IRQHandler                      0x0800028b   Thumb Code     0  startup_stm32f429xx.o(.text)
    CAN1_RX1_IRQHandler                      0x0800028b   Thumb Code     0  startup_stm32f429xx.o(.text)
    CAN1_SCE_IRQHandler                      0x0800028b   Thumb Code     0  startup_stm32f429xx.o(.text)
    CAN1_TX_IRQHandler                       0x0800028b   Thumb Code     0  startup_stm32f429xx.o(.text)
    CAN2_RX0_IRQHandler                      0x0800028b   Thumb Code     0  startup_stm32f429xx.o(.text)
    CAN2_RX1_IRQHandler                      0x0800028b   Thumb Code     0  startup_stm32f429xx.o(.text)
    CAN2_SCE_IRQHandler                      0x0800028b   Thumb Code     0  startup_stm32f429xx.o(.text)
    CAN2_TX_IRQHandler                       0x0800028b   Thumb Code     0  startup_stm32f429xx.o(.text)
    DCMI_IRQHandler                          0x0800028b   Thumb Code     0  startup_stm32f429xx.o(.text)
    DMA1_Stream0_IRQHandler                  0x0800028b   Thumb Code     0  startup_stm32f429xx.o(.text)
    DMA1_Stream1_IRQHandler                  0x0800028b   Thumb Code     0  startup_stm32f429xx.o(.text)
    DMA1_Stream2_IRQHandler                  0x0800028b   Thumb Code     0  startup_stm32f429xx.o(.text)
    DMA1_Stream3_IRQHandler                  0x0800028b   Thumb Code     0  startup_stm32f429xx.o(.text)
    DMA1_Stream4_IRQHandler                  0x0800028b   Thumb Code     0  startup_stm32f429xx.o(.text)
    DMA1_Stream5_IRQHandler                  0x0800028b   Thumb Code     0  startup_stm32f429xx.o(.text)
    DMA1_Stream6_IRQHandler                  0x0800028b   Thumb Code     0  startup_stm32f429xx.o(.text)
    DMA1_Stream7_IRQHandler                  0x0800028b   Thumb Code     0  startup_stm32f429xx.o(.text)
    DMA2D_IRQHandler                         0x0800028b   Thumb Code     0  startup_stm32f429xx.o(.text)
    DMA2_Stream0_IRQHandler                  0x0800028b   Thumb Code     0  startup_stm32f429xx.o(.text)
    DMA2_Stream1_IRQHandler                  0x0800028b   Thumb Code     0  startup_stm32f429xx.o(.text)
    DMA2_Stream2_IRQHandler                  0x0800028b   Thumb Code     0  startup_stm32f429xx.o(.text)
    DMA2_Stream3_IRQHandler                  0x0800028b   Thumb Code     0  startup_stm32f429xx.o(.text)
    DMA2_Stream4_IRQHandler                  0x0800028b   Thumb Code     0  startup_stm32f429xx.o(.text)
    DMA2_Stream5_IRQHandler                  0x0800028b   Thumb Code     0  startup_stm32f429xx.o(.text)
    DMA2_Stream6_IRQHandler                  0x0800028b   Thumb Code     0  startup_stm32f429xx.o(.text)
    DMA2_Stream7_IRQHandler                  0x0800028b   Thumb Code     0  startup_stm32f429xx.o(.text)
    ETH_IRQHandler                           0x0800028b   Thumb Code     0  startup_stm32f429xx.o(.text)
    ETH_WKUP_IRQHandler                      0x0800028b   Thumb Code     0  startup_stm32f429xx.o(.text)
    EXTI0_IRQHandler                         0x0800028b   Thumb Code     0  startup_stm32f429xx.o(.text)
    EXTI15_10_IRQHandler                     0x0800028b   Thumb Code     0  startup_stm32f429xx.o(.text)
    EXTI1_IRQHandler                         0x0800028b   Thumb Code     0  startup_stm32f429xx.o(.text)
    EXTI2_IRQHandler                         0x0800028b   Thumb Code     0  startup_stm32f429xx.o(.text)
    EXTI3_IRQHandler                         0x0800028b   Thumb Code     0  startup_stm32f429xx.o(.text)
    EXTI4_IRQHandler                         0x0800028b   Thumb Code     0  startup_stm32f429xx.o(.text)
    EXTI9_5_IRQHandler                       0x0800028b   Thumb Code     0  startup_stm32f429xx.o(.text)
    FLASH_IRQHandler                         0x0800028b   Thumb Code     0  startup_stm32f429xx.o(.text)
    FMC_IRQHandler                           0x0800028b   Thumb Code     0  startup_stm32f429xx.o(.text)
    FPU_IRQHandler                           0x0800028b   Thumb Code     0  startup_stm32f429xx.o(.text)
    HASH_RNG_IRQHandler                      0x0800028b   Thumb Code     0  startup_stm32f429xx.o(.text)
    I2C1_ER_IRQHandler                       0x0800028b   Thumb Code     0  startup_stm32f429xx.o(.text)
    I2C1_EV_IRQHandler                       0x0800028b   Thumb Code     0  startup_stm32f429xx.o(.text)
    I2C2_ER_IRQHandler                       0x0800028b   Thumb Code     0  startup_stm32f429xx.o(.text)
    I2C2_EV_IRQHandler                       0x0800028b   Thumb Code     0  startup_stm32f429xx.o(.text)
    I2C3_ER_IRQHandler                       0x0800028b   Thumb Code     0  startup_stm32f429xx.o(.text)
    I2C3_EV_IRQHandler                       0x0800028b   Thumb Code     0  startup_stm32f429xx.o(.text)
    LTDC_ER_IRQHandler                       0x0800028b   Thumb Code     0  startup_stm32f429xx.o(.text)
    LTDC_IRQHandler                          0x0800028b   Thumb Code     0  startup_stm32f429xx.o(.text)
    OTG_FS_IRQHandler                        0x0800028b   Thumb Code     0  startup_stm32f429xx.o(.text)
    OTG_FS_WKUP_IRQHandler                   0x0800028b   Thumb Code     0  startup_stm32f429xx.o(.text)
    OTG_HS_EP1_IN_IRQHandler                 0x0800028b   Thumb Code     0  startup_stm32f429xx.o(.text)
    OTG_HS_EP1_OUT_IRQHandler                0x0800028b   Thumb Code     0  startup_stm32f429xx.o(.text)
    OTG_HS_IRQHandler                        0x0800028b   Thumb Code     0  startup_stm32f429xx.o(.text)
    OTG_HS_WKUP_IRQHandler                   0x0800028b   Thumb Code     0  startup_stm32f429xx.o(.text)
    PVD_IRQHandler                           0x0800028b   Thumb Code     0  startup_stm32f429xx.o(.text)
    RCC_IRQHandler                           0x0800028b   Thumb Code     0  startup_stm32f429xx.o(.text)
    RTC_Alarm_IRQHandler                     0x0800028b   Thumb Code     0  startup_stm32f429xx.o(.text)
    RTC_WKUP_IRQHandler                      0x0800028b   Thumb Code     0  startup_stm32f429xx.o(.text)
    SAI1_IRQHandler                          0x0800028b   Thumb Code     0  startup_stm32f429xx.o(.text)
    SDIO_IRQHandler                          0x0800028b   Thumb Code     0  startup_stm32f429xx.o(.text)
    SPI1_IRQHandler                          0x0800028b   Thumb Code     0  startup_stm32f429xx.o(.text)
    SPI2_IRQHandler                          0x0800028b   Thumb Code     0  startup_stm32f429xx.o(.text)
    SPI3_IRQHandler                          0x0800028b   Thumb Code     0  startup_stm32f429xx.o(.text)
    SPI4_IRQHandler                          0x0800028b   Thumb Code     0  startup_stm32f429xx.o(.text)
    SPI5_IRQHandler                          0x0800028b   Thumb Code     0  startup_stm32f429xx.o(.text)
    SPI6_IRQHandler                          0x0800028b   Thumb Code     0  startup_stm32f429xx.o(.text)
    TAMP_STAMP_IRQHandler                    0x0800028b   Thumb Code     0  startup_stm32f429xx.o(.text)
    TIM1_BRK_TIM9_IRQHandler                 0x0800028b   Thumb Code     0  startup_stm32f429xx.o(.text)
    TIM1_CC_IRQHandler                       0x0800028b   Thumb Code     0  startup_stm32f429xx.o(.text)
    TIM1_TRG_COM_TIM11_IRQHandler            0x0800028b   Thumb Code     0  startup_stm32f429xx.o(.text)
    TIM1_UP_TIM10_IRQHandler                 0x0800028b   Thumb Code     0  startup_stm32f429xx.o(.text)
    TIM2_IRQHandler                          0x0800028b   Thumb Code     0  startup_stm32f429xx.o(.text)
    TIM3_IRQHandler                          0x0800028b   Thumb Code     0  startup_stm32f429xx.o(.text)
    TIM4_IRQHandler                          0x0800028b   Thumb Code     0  startup_stm32f429xx.o(.text)
    TIM5_IRQHandler                          0x0800028b   Thumb Code     0  startup_stm32f429xx.o(.text)
    TIM6_DAC_IRQHandler                      0x0800028b   Thumb Code     0  startup_stm32f429xx.o(.text)
    TIM7_IRQHandler                          0x0800028b   Thumb Code     0  startup_stm32f429xx.o(.text)
    TIM8_BRK_TIM12_IRQHandler                0x0800028b   Thumb Code     0  startup_stm32f429xx.o(.text)
    TIM8_CC_IRQHandler                       0x0800028b   Thumb Code     0  startup_stm32f429xx.o(.text)
    TIM8_TRG_COM_TIM14_IRQHandler            0x0800028b   Thumb Code     0  startup_stm32f429xx.o(.text)
    TIM8_UP_TIM13_IRQHandler                 0x0800028b   Thumb Code     0  startup_stm32f429xx.o(.text)
    UART4_IRQHandler                         0x0800028b   Thumb Code     0  startup_stm32f429xx.o(.text)
    UART5_IRQHandler                         0x0800028b   Thumb Code     0  startup_stm32f429xx.o(.text)
    UART7_IRQHandler                         0x0800028b   Thumb Code     0  startup_stm32f429xx.o(.text)
    UART8_IRQHandler                         0x0800028b   Thumb Code     0  startup_stm32f429xx.o(.text)
    USART2_IRQHandler                        0x0800028b   Thumb Code     0  startup_stm32f429xx.o(.text)
    USART3_IRQHandler                        0x0800028b   Thumb Code     0  startup_stm32f429xx.o(.text)
    USART6_IRQHandler                        0x0800028b   Thumb Code     0  startup_stm32f429xx.o(.text)
    WWDG_IRQHandler                          0x0800028b   Thumb Code     0  startup_stm32f429xx.o(.text)
    __user_initial_stackheap                 0x0800028d   Thumb Code     0  startup_stm32f429xx.o(.text)
    __use_no_semihosting                     0x080002b1   Thumb Code     2  use_no_semi_2.o(.text)
    __2printf                                0x080002b5   Thumb Code    20  noretval__2printf.o(.text)
    _printf_str                              0x080002cd   Thumb Code    82  _printf_str.o(.text)
    _printf_int_dec                          0x08000321   Thumb Code   104  _printf_dec.o(.text)
    _printf_int_hex                          0x08000399   Thumb Code    84  _printf_hex_int.o(.text)
    _printf_longlong_hex                     0x08000399   Thumb Code     0  _printf_hex_int.o(.text)
    __printf                                 0x080003f1   Thumb Code   184  __printf_ss.o(.text)
    __aeabi_memcpy                           0x080004a9   Thumb Code     0  rt_memcpy_v6.o(.text)
    __rt_memcpy                              0x080004a9   Thumb Code   138  rt_memcpy_v6.o(.text)
    _memcpy_lastbytes                        0x0800050f   Thumb Code     0  rt_memcpy_v6.o(.text)
    __aeabi_memcpy4                          0x08000533   Thumb Code     0  rt_memcpy_w.o(.text)
    __aeabi_memcpy8                          0x08000533   Thumb Code     0  rt_memcpy_w.o(.text)
    __rt_memcpy_w                            0x08000533   Thumb Code   100  rt_memcpy_w.o(.text)
    _memcpy_lastbytes_aligned                0x0800057b   Thumb Code     0  rt_memcpy_w.o(.text)
    __aeabi_memclr                           0x08000597   Thumb Code     0  rt_memclr.o(.text)
    __rt_memclr                              0x08000597   Thumb Code    68  rt_memclr.o(.text)
    _memset                                  0x0800059b   Thumb Code     0  rt_memclr.o(.text)
    __aeabi_memclr4                          0x080005db   Thumb Code     0  rt_memclr_w.o(.text)
    __aeabi_memclr8                          0x080005db   Thumb Code     0  rt_memclr_w.o(.text)
    __rt_memclr_w                            0x080005db   Thumb Code    78  rt_memclr_w.o(.text)
    _memset_w                                0x080005df   Thumb Code     0  rt_memclr_w.o(.text)
    __use_two_region_memory                  0x08000629   Thumb Code     2  heapauxi.o(.text)
    __rt_heap_escrow$2region                 0x0800062b   Thumb Code     2  heapauxi.o(.text)
    __rt_heap_expand$2region                 0x0800062d   Thumb Code     2  heapauxi.o(.text)
    __I$use$semihosting                      0x0800062f   Thumb Code     0  use_no_semi.o(.text)
    __use_no_semihosting_swi                 0x0800062f   Thumb Code     2  use_no_semi.o(.text)
    _printf_int_common                       0x08000631   Thumb Code   178  _printf_intcommon.o(.text)
    _printf_cs_common                        0x080006e3   Thumb Code    20  _printf_char.o(.text)
    _printf_char                             0x080006f7   Thumb Code    16  _printf_char.o(.text)
    _printf_string                           0x08000707   Thumb Code     8  _printf_char.o(.text)
    _printf_char_file                        0x08000711   Thumb Code    32  _printf_char_file.o(.text)
    _printf_char_common                      0x0800073f   Thumb Code    32  _printf_char_common.o(.text)
    ferror                                   0x08000765   Thumb Code     8  ferror.o(.text)
    __user_setup_stackheap                   0x0800076d   Thumb Code    74  sys_stackheap_outer.o(.text)
    exit                                     0x080007b7   Thumb Code    18  exit.o(.text)
    __user_libspace                          0x080007c9   Thumb Code     8  libspace.o(.text)
    __user_perproc_libspace                  0x080007c9   Thumb Code     0  libspace.o(.text)
    __user_perthread_libspace                0x080007c9   Thumb Code     0  libspace.o(.text)
    BusFault_Handler                         0x080007d1   Thumb Code     2  stm32f4xx_it.o(i.BusFault_Handler)
    DebugMon_Handler                         0x080007d3   Thumb Code     2  stm32f4xx_it.o(i.DebugMon_Handler)
    FLASH_Erase_Sector                       0x080007d5   Thumb Code    90  stm32f4xx_hal_flash_ex.o(i.FLASH_Erase_Sector)
    FLASH_FlushCaches                        0x08000835   Thumb Code    80  stm32f4xx_hal_flash_ex.o(i.FLASH_FlushCaches)
    FLASH_WaitForLastOperation               0x080009dd   Thumb Code    80  stm32f4xx_hal_flash.o(i.FLASH_WaitForLastOperation)
    FMC_NAND_AttributeSpace_Timing_Init      0x08000a35   Thumb Code    48  stm32f4xx_ll_fmc.o(i.FMC_NAND_AttributeSpace_Timing_Init)
    FMC_NAND_CommonSpace_Timing_Init         0x08000a65   Thumb Code    48  stm32f4xx_ll_fmc.o(i.FMC_NAND_CommonSpace_Timing_Init)
    FMC_NAND_Init                            0x08000a95   Thumb Code    74  stm32f4xx_ll_fmc.o(i.FMC_NAND_Init)
    FMC_SDRAM_Init                           0x08000ae5   Thumb Code    76  stm32f4xx_ll_fmc.o(i.FMC_SDRAM_Init)
    FMC_SDRAM_ProgramRefreshRate             0x08000b31   Thumb Code    12  stm32f4xx_ll_fmc.o(i.FMC_SDRAM_ProgramRefreshRate)
    FMC_SDRAM_SendCommand                    0x08000b3d   Thumb Code    72  stm32f4xx_ll_fmc.o(i.FMC_SDRAM_SendCommand)
    FMC_SDRAM_Timing_Init                    0x08000b85   Thumb Code   124  stm32f4xx_ll_fmc.o(i.FMC_SDRAM_Timing_Init)
    FTL_BadBlockMark                         0x08000c01   Thumb Code    44  ftl.o(i.FTL_BadBlockMark)
    FTL_BlockCompare                         0x08000c31   Thumb Code   156  ftl.o(i.FTL_BlockCompare)
    FTL_CheckBadBlock                        0x08000d01   Thumb Code    70  ftl.o(i.FTL_CheckBadBlock)
    FTL_CopyAndWriteToBlock                  0x08000d4d   Thumb Code   196  ftl.o(i.FTL_CopyAndWriteToBlock)
    FTL_CreateLUT                            0x08000e15   Thumb Code   170  ftl.o(i.FTL_CreateLUT)
    FTL_FindSamePlaneUnusedBlock             0x08000edd   Thumb Code    66  ftl.o(i.FTL_FindSamePlaneUnusedBlock)
    FTL_FindUnusedBlock                      0x08000f29   Thumb Code    62  ftl.o(i.FTL_FindUnusedBlock)
    FTL_Format                               0x08000f6d   Thumb Code   150  ftl.o(i.FTL_Format)
    FTL_Init                                 0x0800102d   Thumb Code   106  ftl.o(i.FTL_Init)
    FTL_LBNToPBN                             0x0800110d   Thumb Code    22  ftl.o(i.FTL_LBNToPBN)
    FTL_ReadSectors                          0x08001129   Thumb Code   266  ftl.o(i.FTL_ReadSectors)
    FTL_UsedBlockMark                        0x08001239   Thumb Code    26  ftl.o(i.FTL_UsedBlockMark)
    FTL_WriteSectors                         0x08001259   Thumb Code   274  ftl.o(i.FTL_WriteSectors)
    HAL_Delay                                0x08001371   Thumb Code    22  stm32f4xx_hal.o(i.HAL_Delay)
    HAL_FLASHEx_Erase                        0x08001389   Thumb Code   146  stm32f4xx_hal_flash_ex.o(i.HAL_FLASHEx_Erase)
    HAL_FLASH_Lock                           0x08001425   Thumb Code    14  stm32f4xx_hal_flash.o(i.HAL_FLASH_Lock)
    HAL_FLASH_Program                        0x08001439   Thumb Code   116  stm32f4xx_hal_flash.o(i.HAL_FLASH_Program)
    HAL_FLASH_Unlock                         0x080014b5   Thumb Code    28  stm32f4xx_hal_flash.o(i.HAL_FLASH_Unlock)
    HAL_GPIO_Init                            0x080014dd   Thumb Code   422  stm32f4xx_hal_gpio.o(i.HAL_GPIO_Init)
    HAL_GPIO_WritePin                        0x080016b9   Thumb Code    10  stm32f4xx_hal_gpio.o(i.HAL_GPIO_WritePin)
    HAL_GetTick                              0x080016c5   Thumb Code     6  stm32f4xx_hal.o(i.HAL_GetTick)
    HAL_IncTick                              0x080016d1   Thumb Code    10  stm32f4xx_hal.o(i.HAL_IncTick)
    HAL_Init                                 0x080016e1   Thumb Code    48  stm32f4xx_hal.o(i.HAL_Init)
    HAL_InitTick                             0x08001715   Thumb Code    34  stm32f4xx_hal.o(i.HAL_InitTick)
    HAL_MspInit                              0x08001737   Thumb Code     8  stm32f4xx_hal.o(i.HAL_MspInit)
    HAL_NAND_Init                            0x0800173f   Thumb Code    98  stm32f4xx_hal_nand.o(i.HAL_NAND_Init)
    HAL_NAND_MspInit                         0x080017a1   Thumb Code   158  nand.o(i.HAL_NAND_MspInit)
    HAL_NVIC_EnableIRQ                       0x08001851   Thumb Code    22  stm32f4xx_hal_cortex.o(i.HAL_NVIC_EnableIRQ)
    HAL_NVIC_SetPriority                     0x08001869   Thumb Code    60  stm32f4xx_hal_cortex.o(i.HAL_NVIC_SetPriority)
    HAL_NVIC_SetPriorityGrouping             0x080018a9   Thumb Code    26  stm32f4xx_hal_cortex.o(i.HAL_NVIC_SetPriorityGrouping)
    HAL_PWREx_EnableOverDrive                0x080018cd   Thumb Code   122  stm32f4xx_hal_pwr_ex.o(i.HAL_PWREx_EnableOverDrive)
    HAL_RCC_ClockConfig                      0x08001955   Thumb Code   512  stm32f4xx_hal_rcc.o(i.HAL_RCC_ClockConfig)
    HAL_RCC_GetHCLKFreq                      0x08001b5d   Thumb Code    38  stm32f4xx_hal_rcc.o(i.HAL_RCC_GetHCLKFreq)
    HAL_RCC_GetPCLK1Freq                     0x08001b91   Thumb Code    36  stm32f4xx_hal_rcc.o(i.HAL_RCC_GetPCLK1Freq)
    HAL_RCC_GetPCLK2Freq                     0x08001bbd   Thumb Code    36  stm32f4xx_hal_rcc.o(i.HAL_RCC_GetPCLK2Freq)
    HAL_RCC_GetSysClockFreq                  0x08001be9   Thumb Code   104  stm32f4xx_hal_rcc.o(i.HAL_RCC_GetSysClockFreq)
    HAL_RCC_OscConfig                        0x08001c5d   Thumb Code   774  stm32f4xx_hal_rcc.o(i.HAL_RCC_OscConfig)
    HAL_SDRAM_Init                           0x08001f79   Thumb Code    66  stm32f4xx_hal_sdram.o(i.HAL_SDRAM_Init)
    HAL_SDRAM_MspInit                        0x08001fbd   Thumb Code   194  sdram.o(i.HAL_SDRAM_MspInit)
    HAL_SDRAM_ProgramRefreshRate             0x08002099   Thumb Code    34  stm32f4xx_hal_sdram.o(i.HAL_SDRAM_ProgramRefreshRate)
    HAL_SDRAM_SendCommand                    0x080020bb   Thumb Code    46  stm32f4xx_hal_sdram.o(i.HAL_SDRAM_SendCommand)
    HAL_SD_Get_CardInfo                      0x080020e9   Thumb Code   696  stm32f4xx_hal_sd.o(i.HAL_SD_Get_CardInfo)
    HAL_SD_Init                              0x080023a1   Thumb Code   160  stm32f4xx_hal_sd.o(i.HAL_SD_Init)
    HAL_SD_MspInit                           0x08002441   Thumb Code   120  sdio_sdcard.o(i.HAL_SD_MspInit)
    HAL_SD_ReadBlocks                        0x080024c5   Thumb Code   380  stm32f4xx_hal_sd.o(i.HAL_SD_ReadBlocks)
    HAL_SD_StopTransfer                      0x08002641   Thumb Code    44  stm32f4xx_hal_sd.o(i.HAL_SD_StopTransfer)
    HAL_SD_WideBusOperation_Config           0x0800266d   Thumb Code    94  stm32f4xx_hal_sd.o(i.HAL_SD_WideBusOperation_Config)
    HAL_SD_WriteBlocks                       0x080026cb   Thumb Code   464  stm32f4xx_hal_sd.o(i.HAL_SD_WriteBlocks)
    HAL_SPI_Init                             0x0800289b   Thumb Code   132  stm32f4xx_hal_spi.o(i.HAL_SPI_Init)
    HAL_SPI_MspInit                          0x08002921   Thumb Code    72  spi.o(i.HAL_SPI_MspInit)
    HAL_SPI_TransmitReceive                  0x08002971   Thumb Code   682  stm32f4xx_hal_spi.o(i.HAL_SPI_TransmitReceive)
    HAL_SYSTICK_CLKSourceConfig              0x08002c1b   Thumb Code    24  stm32f4xx_hal_cortex.o(i.HAL_SYSTICK_CLKSourceConfig)
    HAL_SYSTICK_Config                       0x08002c33   Thumb Code    40  stm32f4xx_hal_cortex.o(i.HAL_SYSTICK_Config)
    HAL_UART_ErrorCallback                   0x08002c5b   Thumb Code     2  stm32f4xx_hal_uart.o(i.HAL_UART_ErrorCallback)
    HAL_UART_IRQHandler                      0x08002c5d   Thumb Code   244  stm32f4xx_hal_uart.o(i.HAL_UART_IRQHandler)
    HAL_UART_Init                            0x08002d51   Thumb Code    94  stm32f4xx_hal_uart.o(i.HAL_UART_Init)
    HAL_UART_MspInit                         0x08002db1   Thumb Code   134  usart.o(i.HAL_UART_MspInit)
    HAL_UART_Receive                         0x08002e45   Thumb Code   202  stm32f4xx_hal_uart.o(i.HAL_UART_Receive)
    HAL_UART_RxCpltCallback                  0x08002f0f   Thumb Code     2  stm32f4xx_hal_uart.o(i.HAL_UART_RxCpltCallback)
    HAL_UART_TxCpltCallback                  0x08002f11   Thumb Code     2  stm32f4xx_hal_uart.o(i.HAL_UART_TxCpltCallback)
    HardFault_Handler                        0x08002f13   Thumb Code     2  stm32f4xx_it.o(i.HardFault_Handler)
    KEY_Init                                 0x08002f15   Thumb Code   110  key.o(i.KEY_Init)
    LED_Init                                 0x08002f95   Thumb Code    62  led.o(i.LED_Init)
    MemManage_Handler                        0x08002fdd   Thumb Code     2  stm32f4xx_it.o(i.MemManage_Handler)
    NAND_CopyPageWithWrite                   0x08002fe1   Thumb Code   412  nand.o(i.NAND_CopyPageWithWrite)
    NAND_CopyPageWithoutWrite                0x08003189   Thumb Code   118  nand.o(i.NAND_CopyPageWithoutWrite)
    NAND_Delay                               0x0800320d   Thumb Code    16  nand.o(i.NAND_Delay)
    NAND_ECC_Correction                      0x0800321d   Thumb Code   104  nand.o(i.NAND_ECC_Correction)
    NAND_ECC_Get_OE                          0x080032b1   Thumb Code    48  nand.o(i.NAND_ECC_Get_OE)
    NAND_EraseBlock                          0x080032e1   Thumb Code    68  nand.o(i.NAND_EraseBlock)
    NAND_Init                                0x08003339   Thumb Code   156  nand.o(i.NAND_Init)
    NAND_ModeSet                             0x080033e5   Thumb Code    42  nand.o(i.NAND_ModeSet)
    NAND_ReadID                              0x08003419   Thumb Code    64  nand.o(i.NAND_ReadID)
    NAND_ReadPage                            0x08003461   Thumb Code   488  nand.o(i.NAND_ReadPage)
    NAND_ReadPageComp                        0x0800369d   Thumb Code    94  nand.o(i.NAND_ReadPageComp)
    NAND_ReadSpare                           0x08003705   Thumb Code    28  nand.o(i.NAND_ReadSpare)
    NAND_ReadStatus                          0x08003725   Thumb Code    36  nand.o(i.NAND_ReadStatus)
    NAND_Reset                               0x0800374d   Thumb Code    24  nand.o(i.NAND_Reset)
    NAND_WaitForReady                        0x08003769   Thumb Code    36  nand.o(i.NAND_WaitForReady)
    NAND_WaitRB                              0x0800378d   Thumb Code    46  nand.o(i.NAND_WaitRB)
    NAND_WritePage                           0x080037c1   Thumb Code   330  nand.o(i.NAND_WritePage)
    NAND_WritePageConst                      0x08003919   Thumb Code    76  nand.o(i.NAND_WritePageConst)
    NAND_WriteSpare                          0x0800396d   Thumb Code    28  nand.o(i.NAND_WriteSpare)
    NMI_Handler                              0x0800398d   Thumb Code     2  stm32f4xx_it.o(i.NMI_Handler)
    PendSV_Handler                           0x080039af   Thumb Code     2  stm32f4xx_it.o(i.PendSV_Handler)
    SDIO_DataConfig                          0x080039b1   Thumb Code    36  stm32f4xx_ll_sdmmc.o(i.SDIO_DataConfig)
    SDIO_GetCommandResponse                  0x080039d5   Thumb Code     6  stm32f4xx_ll_sdmmc.o(i.SDIO_GetCommandResponse)
    SDIO_GetPowerState                       0x080039db   Thumb Code     8  stm32f4xx_ll_sdmmc.o(i.SDIO_GetPowerState)
    SDIO_GetResponse                         0x080039e5   Thumb Code    12  stm32f4xx_ll_sdmmc.o(i.SDIO_GetResponse)
    SDIO_Init                                0x080039f5   Thumb Code    36  stm32f4xx_ll_sdmmc.o(i.SDIO_Init)
    SDIO_PowerState_ON                       0x08003a19   Thumb Code     8  stm32f4xx_ll_sdmmc.o(i.SDIO_PowerState_ON)
    SDIO_ReadFIFO                            0x08003a21   Thumb Code     6  stm32f4xx_ll_sdmmc.o(i.SDIO_ReadFIFO)
    SDIO_SendCommand                         0x08003a27   Thumb Code    32  stm32f4xx_ll_sdmmc.o(i.SDIO_SendCommand)
    SDIO_WriteFIFO                           0x08003a47   Thumb Code    10  stm32f4xx_ll_sdmmc.o(i.SDIO_WriteFIFO)
    SDRAM_Init                               0x08003a51   Thumb Code    86  sdram.o(i.SDRAM_Init)
    SDRAM_Initialization_Sequence            0x08003ab1   Thumb Code    74  sdram.o(i.SDRAM_Initialization_Sequence)
    SDRAM_Send_Cmd                           0x08003b01   Thumb Code    48  sdram.o(i.SDRAM_Send_Cmd)
    SD_Init                                  0x08003e11   Thumb Code    54  sdio_sdcard.o(i.SD_Init)
    SD_ReadDisk                              0x080041f5   Thumb Code   116  sdio_sdcard.o(i.SD_ReadDisk)
    SD_WriteDisk                             0x08004355   Thumb Code   118  sdio_sdcard.o(i.SD_WriteDisk)
    SPI1_Init                                0x080043d1   Thumb Code    72  spi.o(i.SPI1_Init)
    SPI1_ReadWriteByte                       0x08004421   Thumb Code    28  spi.o(i.SPI1_ReadWriteByte)
    SPI1_SetSpeed                            0x08004441   Thumb Code    46  spi.o(i.SPI1_SetSpeed)
    SPI5_ReadWriteByte                       0x08004475   Thumb Code    28  spi.o(i.SPI5_ReadWriteByte)
    STMFLASH_GetFlashSector                  0x08004535   Thumb Code   234  stmflash.o(i.STMFLASH_GetFlashSector)
    STMFLASH_Write                           0x08004679   Thumb Code   146  stmflash.o(i.STMFLASH_Write)
    SVC_Handler                              0x08004711   Thumb Code     2  stm32f4xx_it.o(i.SVC_Handler)
    Stm32_Clock_Init                         0x08004715   Thumb Code   122  sys.o(i.Stm32_Clock_Init)
    SysTick_Handler                          0x08004799   Thumb Code     4  stm32f4xx_it.o(i.SysTick_Handler)
    SystemInit                               0x0800479d   Thumb Code    66  system_stm32f4xx.o(i.SystemInit)
    USART1_IRQHandler                        0x08004b05   Thumb Code   100  usart.o(i.USART1_IRQHandler)
    UsageFault_Handler                       0x08004b71   Thumb Code     2  stm32f4xx_it.o(i.UsageFault_Handler)
    W25QXX_Erase_Sector                      0x08004b75   Thumb Code    80  w25qxx.o(i.W25QXX_Erase_Sector)
    W25QXX_Init                              0x08004bcd   Thumb Code   116  w25qxx.o(i.W25QXX_Init)
    W25QXX_Read                              0x08004c69   Thumb Code    94  w25qxx.o(i.W25QXX_Read)
    W25QXX_ReadID                            0x08004cd1   Thumb Code    62  w25qxx.o(i.W25QXX_ReadID)
    W25QXX_ReadSR                            0x08004d15   Thumb Code    52  w25qxx.o(i.W25QXX_ReadSR)
    W25QXX_Wait_Busy                         0x08004d4d   Thumb Code    14  w25qxx.o(i.W25QXX_Wait_Busy)
    W25QXX_Write                             0x08004d5d   Thumb Code   150  w25qxx.o(i.W25QXX_Write)
    W25QXX_Write_Enable                      0x08004df9   Thumb Code    26  w25qxx.o(i.W25QXX_Write_Enable)
    W25QXX_Write_NoCheck                     0x08004e19   Thumb Code    62  w25qxx.o(i.W25QXX_Write_NoCheck)
    W25QXX_Write_Page                        0x08004e59   Thumb Code   100  w25qxx.o(i.W25QXX_Write_Page)
    _sys_exit                                0x08004ec5   Thumb Code     2  usart.o(i._sys_exit)
    delay_init                               0x08005149   Thumb Code    16  delay.o(i.delay_init)
    delay_ms                                 0x0800515d   Thumb Code    26  delay.o(i.delay_ms)
    delay_us                                 0x08005179   Thumb Code    48  delay.o(i.delay_us)
    disk_initialize                          0x0800545f   Thumb Code    40  diskio.o(i.disk_initialize)
    disk_ioctl                               0x08005489   Thumb Code   146  diskio.o(i.disk_ioctl)
    disk_read                                0x08005525   Thumb Code   102  diskio.o(i.disk_read)
    disk_status                              0x0800558b   Thumb Code     4  diskio.o(i.disk_status)
    disk_write                               0x0800558f   Thumb Code    96  diskio.o(i.disk_write)
    exfuns_init                              0x080055f1   Thumb Code    92  exfuns.o(i.exfuns_init)
    f_getcwd                                 0x08005655   Thumb Code   270  ff.o(i.f_getcwd)
    f_mkfs                                   0x08005769   Thumb Code  1216  ff.o(i.f_mkfs)
    f_mount                                  0x08005c2d   Thumb Code    72  ff.o(i.f_mount)
    f_open                                   0x08005c79   Thumb Code   330  ff.o(i.f_open)
    f_opendir                                0x08005dc3   Thumb Code   102  ff.o(i.f_opendir)
    f_read                                   0x08005e29   Thumb Code   326  ff.o(i.f_read)
    f_readdir                                0x08005f6f   Thumb Code    74  ff.o(i.f_readdir)
    f_setlabel                               0x08005fb9   Thumb Code   272  ff.o(i.f_setlabel)
    fputc                                    0x080063ad   Thumb Code    14  usart.o(i.fputc)
    get_fattime                              0x0800647f   Thumb Code     4  diskio.o(i.get_fattime)
    iap_load_app                             0x08006531   Thumb Code    36  iap.o(i.iap_load_app)
    iap_write_appbin                         0x0800655d   Thumb Code   102  iap.o(i.iap_write_appbin)
    main                                     0x08006611   Thumb Code   434  main.o(i.main)
    mf_scan_files                            0x0800692d   Thumb Code    66  fattester.o(i.mf_scan_files)
    my_mem_free                              0x080069bd   Thumb Code    80  malloc.o(i.my_mem_free)
    my_mem_init                              0x08006a15   Thumb Code    36  malloc.o(i.my_mem_init)
    my_mem_malloc                            0x08006a41   Thumb Code   128  malloc.o(i.my_mem_malloc)
    my_mem_perused                           0x08006ac9   Thumb Code    50  malloc.o(i.my_mem_perused)
    myfree                                   0x08006b05   Thumb Code    20  malloc.o(i.myfree)
    mymalloc                                 0x08006b1d   Thumb Code    28  malloc.o(i.mymalloc)
    mymemset                                 0x08006b3d   Thumb Code    12  malloc.o(i.mymemset)
    uart_init                                0x08006dc1   Thumb Code    28  usart.o(i.uart_init)
    _fp_init                                 0x08006e17   Thumb Code    10  fpinit.o(x$fpl$fpinit)
    __fplib_config_fpu_vfp                   0x08006e1f   Thumb Code     0  fpinit.o(x$fpl$fpinit)
    __fplib_config_pureend_doubles           0x08006e1f   Thumb Code     0  fpinit.o(x$fpl$fpinit)
    APBAHBPrescTable                         0x08006e20   Data          16  stm32f4xx_hal_rcc.o(.constdata)
    memtblsize                               0x08006e30   Data          12  malloc.o(.constdata)
    memblksize                               0x08006e3c   Data          12  malloc.o(.constdata)
    memsize                                  0x08006e48   Data          12  malloc.o(.constdata)
    Region$$Table$$Base                      0x08006eb8   Number         0  anon$$obj.o(Region$$Table)
    Region$$Table$$Limit                     0x08006ed8   Number         0  anon$$obj.o(Region$$Table)
    mem3base                                 0x10000000   Data       61440  malloc.o(.ARM.__AT_0x10000000)
    mem3mapbase                              0x1000f000   Data        3840  malloc.o(.ARM.__AT_0x1000F000)
    updatebuf                                0x20000000   Data           4  main.o(.data)
    SystemCoreClock                          0x20000004   Data           4  system_stm32f4xx.o(.data)
    AHBPrescTable                            0x20000008   Data          16  system_stm32f4xx.o(.data)
    USART_RX_STA                             0x20000020   Data           2  usart.o(.data)
    __stdout                                 0x20000024   Data           4  usart.o(.data)
    W25QXX_TYPE                              0x20000028   Data           2  w25qxx.o(.data)
    mallco_dev                               0x20000030   Data          36  malloc.o(.data)
    file                                     0x20000058   Data           4  exfuns.o(.data)
    ftemp                                    0x2000005c   Data           4  exfuns.o(.data)
    fatbuf                                   0x20000060   Data           4  exfuns.o(.data)
    br                                       0x20000064   Data           4  exfuns.o(.data)
    jump2app                                 0x20000068   Data           4  iap.o(.data)
    f_anyfile                                0x2000006c   Data         556  main.o(.bss)
    pFlash                                   0x20000298   Data          32  stm32f4xx_hal_flash.o(.bss)
    USART_RX_BUF                             0x200002b8   Data         200  usart.o(.bss)
    UART1_Handler                            0x20000380   Data          64  usart.o(.bss)
    SDRAM_Handler                            0x200003c0   Data          52  sdram.o(.bss)
    SDCARD_Handler                           0x200003f8   Data          96  sdio_sdcard.o(.bss)
    SDCardInfo                               0x20000458   Data          88  sdio_sdcard.o(.bss)
    SDIO_DATA_BUFFER                         0x200004b0   Data         512  sdio_sdcard.o(.bss)
    SPI5_Handler                             0x200006b0   Data          88  spi.o(.bss)
    SPI1_Handler                             0x20000708   Data          88  spi.o(.bss)
    W25QXX_BUFFER                            0x20000760   Data        4096  w25qxx.o(.bss)
    NAND_Handler                             0x20001760   Data          56  nand.o(.bss)
    nand_dev                                 0x20001798   Data          92  nand.o(.bss)
    mem1base                                 0x20001800   Data       163840  malloc.o(.bss)
    mem1mapbase                              0x20029800   Data       10240  malloc.o(.bss)
    fs                                       0x2002c00c   Data          12  exfuns.o(.bss)
    fileinfo                                 0x2002c018   Data          24  exfuns.o(.bss)
    dir                                      0x2002c030   Data          36  exfuns.o(.bss)
    iapbuf                                   0x2002c054   Data        2048  iap.o(.bss)
    __libspace_start                         0x2002c854   Data          96  libspace.o(.bss)
    __temporary_stack_top$libspace           0x2002c8b4   Data           0  libspace.o(.bss)
    mem2base                                 0xc01f4000   Data       29605888  malloc.o(.ARM.__AT_0xC01F4000)
    mem2mapbase                              0xc1e30000   Data       1850368  malloc.o(.ARM.__AT_0xC1E30000)



==============================================================================

Memory Map of the image

  Image Entry point : 0x080001ad

  Load Region LR_IROM1 (Base: 0x08000000, Size: 0x00006f44, Max: 0x00090000, ABSOLUTE)

    Execution Region ER_IROM1 (Base: 0x08000000, Size: 0x00006ed8, Max: 0x00090000, ABSOLUTE)

    Base Addr    Size         Type   Attr      Idx    E Section Name        Object

    0x08000000   0x000001ac   Data   RO          518    RESET               startup_stm32f429xx.o
    0x080001ac   0x00000008   Code   RO         6083  * !!!main             c_w.l(__main.o)
    0x080001b4   0x00000034   Code   RO         6266    !!!scatter          c_w.l(__scatter.o)
    0x080001e8   0x0000001a   Code   RO         6268    !!handler_copy      c_w.l(__scatter_copy.o)
    0x08000202   0x00000002   PAD
    0x08000204   0x0000001c   Code   RO         6270    !!handler_zi        c_w.l(__scatter_zi.o)
    0x08000220   0x00000000   Code   RO         6063    .ARM.Collect$$_printf_percent$$00000000  c_w.l(_printf_percent.o)
    0x08000220   0x00000006   Code   RO         6062    .ARM.Collect$$_printf_percent$$00000009  c_w.l(_printf_d.o)
    0x08000226   0x00000006   Code   RO         6061    .ARM.Collect$$_printf_percent$$0000000C  c_w.l(_printf_x.o)
    0x0800022c   0x00000006   Code   RO         6060    .ARM.Collect$$_printf_percent$$00000014  c_w.l(_printf_s.o)
    0x08000232   0x00000004   Code   RO         6100    .ARM.Collect$$_printf_percent$$00000017  c_w.l(_printf_percent_end.o)
    0x08000236   0x00000002   Code   RO         6140    .ARM.Collect$$libinit$$00000000  c_w.l(libinit.o)
    0x08000238   0x00000004   Code   RO         6152    .ARM.Collect$$libinit$$00000001  c_w.l(libinit2.o)
    0x0800023c   0x00000000   Code   RO         6155    .ARM.Collect$$libinit$$00000004  c_w.l(libinit2.o)
    0x0800023c   0x00000000   Code   RO         6158    .ARM.Collect$$libinit$$0000000A  c_w.l(libinit2.o)
    0x0800023c   0x00000000   Code   RO         6160    .ARM.Collect$$libinit$$0000000C  c_w.l(libinit2.o)
    0x0800023c   0x00000000   Code   RO         6162    .ARM.Collect$$libinit$$0000000E  c_w.l(libinit2.o)
    0x0800023c   0x00000000   Code   RO         6165    .ARM.Collect$$libinit$$00000011  c_w.l(libinit2.o)
    0x0800023c   0x00000000   Code   RO         6167    .ARM.Collect$$libinit$$00000013  c_w.l(libinit2.o)
    0x0800023c   0x00000000   Code   RO         6169    .ARM.Collect$$libinit$$00000015  c_w.l(libinit2.o)
    0x0800023c   0x00000000   Code   RO         6171    .ARM.Collect$$libinit$$00000017  c_w.l(libinit2.o)
    0x0800023c   0x00000000   Code   RO         6173    .ARM.Collect$$libinit$$00000019  c_w.l(libinit2.o)
    0x0800023c   0x00000000   Code   RO         6175    .ARM.Collect$$libinit$$0000001B  c_w.l(libinit2.o)
    0x0800023c   0x00000000   Code   RO         6177    .ARM.Collect$$libinit$$0000001D  c_w.l(libinit2.o)
    0x0800023c   0x00000000   Code   RO         6179    .ARM.Collect$$libinit$$0000001F  c_w.l(libinit2.o)
    0x0800023c   0x00000000   Code   RO         6181    .ARM.Collect$$libinit$$00000021  c_w.l(libinit2.o)
    0x0800023c   0x00000000   Code   RO         6183    .ARM.Collect$$libinit$$00000023  c_w.l(libinit2.o)
    0x0800023c   0x00000000   Code   RO         6185    .ARM.Collect$$libinit$$00000025  c_w.l(libinit2.o)
    0x0800023c   0x00000000   Code   RO         6189    .ARM.Collect$$libinit$$0000002C  c_w.l(libinit2.o)
    0x0800023c   0x00000000   Code   RO         6191    .ARM.Collect$$libinit$$0000002E  c_w.l(libinit2.o)
    0x0800023c   0x00000000   Code   RO         6193    .ARM.Collect$$libinit$$00000030  c_w.l(libinit2.o)
    0x0800023c   0x00000000   Code   RO         6195    .ARM.Collect$$libinit$$00000032  c_w.l(libinit2.o)
    0x0800023c   0x00000002   Code   RO         6196    .ARM.Collect$$libinit$$00000033  c_w.l(libinit2.o)
    0x0800023e   0x00000002   Code   RO         6222    .ARM.Collect$$libshutdown$$00000000  c_w.l(libshutdown.o)
    0x08000240   0x00000000   Code   RO         6249    .ARM.Collect$$libshutdown$$00000002  c_w.l(libshutdown2.o)
    0x08000240   0x00000000   Code   RO         6251    .ARM.Collect$$libshutdown$$00000004  c_w.l(libshutdown2.o)
    0x08000240   0x00000000   Code   RO         6254    .ARM.Collect$$libshutdown$$00000007  c_w.l(libshutdown2.o)
    0x08000240   0x00000000   Code   RO         6257    .ARM.Collect$$libshutdown$$0000000A  c_w.l(libshutdown2.o)
    0x08000240   0x00000000   Code   RO         6259    .ARM.Collect$$libshutdown$$0000000C  c_w.l(libshutdown2.o)
    0x08000240   0x00000000   Code   RO         6262    .ARM.Collect$$libshutdown$$0000000F  c_w.l(libshutdown2.o)
    0x08000240   0x00000002   Code   RO         6263    .ARM.Collect$$libshutdown$$00000010  c_w.l(libshutdown2.o)
    0x08000242   0x00000000   Code   RO         6087    .ARM.Collect$$rtentry$$00000000  c_w.l(__rtentry.o)
    0x08000242   0x00000000   Code   RO         6103    .ARM.Collect$$rtentry$$00000002  c_w.l(__rtentry2.o)
    0x08000242   0x00000006   Code   RO         6115    .ARM.Collect$$rtentry$$00000004  c_w.l(__rtentry4.o)
    0x08000248   0x00000000   Code   RO         6105    .ARM.Collect$$rtentry$$00000009  c_w.l(__rtentry2.o)
    0x08000248   0x00000004   Code   RO         6106    .ARM.Collect$$rtentry$$0000000A  c_w.l(__rtentry2.o)
    0x0800024c   0x00000000   Code   RO         6108    .ARM.Collect$$rtentry$$0000000C  c_w.l(__rtentry2.o)
    0x0800024c   0x00000008   Code   RO         6109    .ARM.Collect$$rtentry$$0000000D  c_w.l(__rtentry2.o)
    0x08000254   0x00000002   Code   RO         6144    .ARM.Collect$$rtexit$$00000000  c_w.l(rtexit.o)
    0x08000256   0x00000000   Code   RO         6198    .ARM.Collect$$rtexit$$00000002  c_w.l(rtexit2.o)
    0x08000256   0x00000004   Code   RO         6199    .ARM.Collect$$rtexit$$00000003  c_w.l(rtexit2.o)
    0x0800025a   0x00000006   Code   RO         6200    .ARM.Collect$$rtexit$$00000004  c_w.l(rtexit2.o)
    0x08000260   0x00000010   Code   RO         4429    .emb_text           sys.o
    0x08000270   0x00000040   Code   RO          519    .text               startup_stm32f429xx.o
    0x080002b0   0x00000002   Code   RO         6002    .text               c_w.l(use_no_semi_2.o)
    0x080002b2   0x00000002   PAD
    0x080002b4   0x00000018   Code   RO         6008    .text               c_w.l(noretval__2printf.o)
    0x080002cc   0x00000052   Code   RO         6012    .text               c_w.l(_printf_str.o)
    0x0800031e   0x00000002   PAD
    0x08000320   0x00000078   Code   RO         6014    .text               c_w.l(_printf_dec.o)
    0x08000398   0x00000058   Code   RO         6021    .text               c_w.l(_printf_hex_int.o)
    0x080003f0   0x000000b8   Code   RO         6042    .text               c_w.l(__printf_ss.o)
    0x080004a8   0x0000008a   Code   RO         6071    .text               c_w.l(rt_memcpy_v6.o)
    0x08000532   0x00000064   Code   RO         6073    .text               c_w.l(rt_memcpy_w.o)
    0x08000596   0x00000044   Code   RO         6075    .text               c_w.l(rt_memclr.o)
    0x080005da   0x0000004e   Code   RO         6077    .text               c_w.l(rt_memclr_w.o)
    0x08000628   0x00000006   Code   RO         6081    .text               c_w.l(heapauxi.o)
    0x0800062e   0x00000002   Code   RO         6085    .text               c_w.l(use_no_semi.o)
    0x08000630   0x000000b2   Code   RO         6094    .text               c_w.l(_printf_intcommon.o)
    0x080006e2   0x0000002c   Code   RO         6096    .text               c_w.l(_printf_char.o)
    0x0800070e   0x00000002   PAD
    0x08000710   0x00000024   Code   RO         6098    .text               c_w.l(_printf_char_file.o)
    0x08000734   0x00000030   Code   RO         6119    .text               c_w.l(_printf_char_common.o)
    0x08000764   0x00000008   Code   RO         6121    .text               c_w.l(ferror.o)
    0x0800076c   0x0000004a   Code   RO         6125    .text               c_w.l(sys_stackheap_outer.o)
    0x080007b6   0x00000012   Code   RO         6129    .text               c_w.l(exit.o)
    0x080007c8   0x00000008   Code   RO         6141    .text               c_w.l(libspace.o)
    0x080007d0   0x00000002   Code   RO          305    i.BusFault_Handler  stm32f4xx_it.o
    0x080007d2   0x00000002   Code   RO          306    i.DebugMon_Handler  stm32f4xx_it.o
    0x080007d4   0x00000060   Code   RO         4273    i.FLASH_Erase_Sector  stm32f4xx_hal_flash_ex.o
    0x08000834   0x00000054   Code   RO         4274    i.FLASH_FlushCaches  stm32f4xx_hal_flash_ex.o
    0x08000888   0x0000003c   Code   RO         4275    i.FLASH_MassErase   stm32f4xx_hal_flash_ex.o
    0x080008c4   0x00000020   Code   RO         4155    i.FLASH_Program_Byte  stm32f4xx_hal_flash.o
    0x080008e4   0x00000028   Code   RO         4156    i.FLASH_Program_DoubleWord  stm32f4xx_hal_flash.o
    0x0800090c   0x00000024   Code   RO         4157    i.FLASH_Program_HalfWord  stm32f4xx_hal_flash.o
    0x08000930   0x00000024   Code   RO         4158    i.FLASH_Program_Word  stm32f4xx_hal_flash.o
    0x08000954   0x00000088   Code   RO         4159    i.FLASH_SetErrorCode  stm32f4xx_hal_flash.o
    0x080009dc   0x00000058   Code   RO         4160    i.FLASH_WaitForLastOperation  stm32f4xx_hal_flash.o
    0x08000a34   0x00000030   Code   RO         2655    i.FMC_NAND_AttributeSpace_Timing_Init  stm32f4xx_ll_fmc.o
    0x08000a64   0x00000030   Code   RO         2656    i.FMC_NAND_CommonSpace_Timing_Init  stm32f4xx_ll_fmc.o
    0x08000a94   0x00000050   Code   RO         2661    i.FMC_NAND_Init     stm32f4xx_ll_fmc.o
    0x08000ae4   0x0000004c   Code   RO         2675    i.FMC_SDRAM_Init    stm32f4xx_ll_fmc.o
    0x08000b30   0x0000000c   Code   RO         2676    i.FMC_SDRAM_ProgramRefreshRate  stm32f4xx_ll_fmc.o
    0x08000b3c   0x00000048   Code   RO         2677    i.FMC_SDRAM_SendCommand  stm32f4xx_ll_fmc.o
    0x08000b84   0x0000007c   Code   RO         2679    i.FMC_SDRAM_Timing_Init  stm32f4xx_ll_fmc.o
    0x08000c00   0x00000030   Code   RO         4872    i.FTL_BadBlockMark  ftl.o
    0x08000c30   0x000000d0   Code   RO         4873    i.FTL_BlockCompare  ftl.o
    0x08000d00   0x0000004c   Code   RO         4874    i.FTL_CheckBadBlock  ftl.o
    0x08000d4c   0x000000c8   Code   RO         4875    i.FTL_CopyAndWriteToBlock  ftl.o
    0x08000e14   0x000000c8   Code   RO         4876    i.FTL_CreateLUT     ftl.o
    0x08000edc   0x0000004c   Code   RO         4877    i.FTL_FindSamePlaneUnusedBlock  ftl.o
    0x08000f28   0x00000044   Code   RO         4878    i.FTL_FindUnusedBlock  ftl.o
    0x08000f6c   0x000000c0   Code   RO         4879    i.FTL_Format        ftl.o
    0x0800102c   0x000000e0   Code   RO         4880    i.FTL_Init          ftl.o
    0x0800110c   0x0000001c   Code   RO         4881    i.FTL_LBNToPBN      ftl.o
    0x08001128   0x00000110   Code   RO         4882    i.FTL_ReadSectors   ftl.o
    0x08001238   0x00000020   Code   RO         4884    i.FTL_UsedBlockMark  ftl.o
    0x08001258   0x00000118   Code   RO         4885    i.FTL_WriteSectors  ftl.o
    0x08001370   0x00000016   Code   RO          533    i.HAL_Delay         stm32f4xx_hal.o
    0x08001386   0x00000002   PAD
    0x08001388   0x0000009c   Code   RO         4280    i.HAL_FLASHEx_Erase  stm32f4xx_hal_flash_ex.o
    0x08001424   0x00000014   Code   RO         4164    i.HAL_FLASH_Lock    stm32f4xx_hal_flash.o
    0x08001438   0x0000007c   Code   RO         4169    i.HAL_FLASH_Program  stm32f4xx_hal_flash.o
    0x080014b4   0x00000028   Code   RO         4171    i.HAL_FLASH_Unlock  stm32f4xx_hal_flash.o
    0x080014dc   0x000001dc   Code   RO          810    i.HAL_GPIO_Init     stm32f4xx_hal_gpio.o
    0x080016b8   0x0000000a   Code   RO          814    i.HAL_GPIO_WritePin  stm32f4xx_hal_gpio.o
    0x080016c2   0x00000002   PAD
    0x080016c4   0x0000000c   Code   RO          541    i.HAL_GetTick       stm32f4xx_hal.o
    0x080016d0   0x00000010   Code   RO          542    i.HAL_IncTick       stm32f4xx_hal.o
    0x080016e0   0x00000034   Code   RO          543    i.HAL_Init          stm32f4xx_hal.o
    0x08001714   0x00000022   Code   RO          544    i.HAL_InitTick      stm32f4xx_hal.o
    0x08001736   0x00000008   Code   RO          546    i.HAL_MspInit       stm32f4xx_hal.o
    0x0800173e   0x00000062   Code   RO         4032    i.HAL_NAND_Init     stm32f4xx_hal_nand.o
    0x080017a0   0x000000b0   Code   RO         4978    i.HAL_NAND_MspInit  nand.o
    0x08001850   0x00000016   Code   RO          687    i.HAL_NVIC_EnableIRQ  stm32f4xx_hal_cortex.o
    0x08001866   0x00000002   PAD
    0x08001868   0x00000040   Code   RO          693    i.HAL_NVIC_SetPriority  stm32f4xx_hal_cortex.o
    0x080018a8   0x00000024   Code   RO          694    i.HAL_NVIC_SetPriorityGrouping  stm32f4xx_hal_cortex.o
    0x080018cc   0x00000088   Code   RO          999    i.HAL_PWREx_EnableOverDrive  stm32f4xx_hal_pwr_ex.o
    0x08001954   0x00000208   Code   RO         1066    i.HAL_RCC_ClockConfig  stm32f4xx_hal_rcc.o
    0x08001b5c   0x00000034   Code   RO         1071    i.HAL_RCC_GetHCLKFreq  stm32f4xx_hal_rcc.o
    0x08001b90   0x0000002c   Code   RO         1073    i.HAL_RCC_GetPCLK1Freq  stm32f4xx_hal_rcc.o
    0x08001bbc   0x0000002c   Code   RO         1074    i.HAL_RCC_GetPCLK2Freq  stm32f4xx_hal_rcc.o
    0x08001be8   0x00000074   Code   RO         1075    i.HAL_RCC_GetSysClockFreq  stm32f4xx_hal_rcc.o
    0x08001c5c   0x0000031c   Code   RO         1078    i.HAL_RCC_OscConfig  stm32f4xx_hal_rcc.o
    0x08001f78   0x00000042   Code   RO         2961    i.HAL_SDRAM_Init    stm32f4xx_hal_sdram.o
    0x08001fba   0x00000002   PAD
    0x08001fbc   0x000000dc   Code   RO         4575    i.HAL_SDRAM_MspInit  sdram.o
    0x08002098   0x00000022   Code   RO         2964    i.HAL_SDRAM_ProgramRefreshRate  stm32f4xx_hal_sdram.o
    0x080020ba   0x0000002e   Code   RO         2970    i.HAL_SDRAM_SendCommand  stm32f4xx_hal_sdram.o
    0x080020e8   0x000002b8   Code   RO         3551    i.HAL_SD_Get_CardInfo  stm32f4xx_hal_sd.o
    0x080023a0   0x000000a0   Code   RO         3554    i.HAL_SD_Init       stm32f4xx_hal_sd.o
    0x08002440   0x00000084   Code   RO         4633    i.HAL_SD_MspInit    sdio_sdcard.o
    0x080024c4   0x0000017c   Code   RO         3557    i.HAL_SD_ReadBlocks  stm32f4xx_hal_sd.o
    0x08002640   0x0000002c   Code   RO         3560    i.HAL_SD_StopTransfer  stm32f4xx_hal_sd.o
    0x0800266c   0x0000005e   Code   RO         3561    i.HAL_SD_WideBusOperation_Config  stm32f4xx_hal_sd.o
    0x080026ca   0x000001d0   Code   RO         3562    i.HAL_SD_WriteBlocks  stm32f4xx_hal_sd.o
    0x0800289a   0x00000084   Code   RO         3787    i.HAL_SPI_Init      stm32f4xx_hal_spi.o
    0x0800291e   0x00000002   PAD
    0x08002920   0x00000050   Code   RO         4689    i.HAL_SPI_MspInit   spi.o
    0x08002970   0x000002aa   Code   RO         3796    i.HAL_SPI_TransmitReceive  stm32f4xx_hal_spi.o
    0x08002c1a   0x00000018   Code   RO          696    i.HAL_SYSTICK_CLKSourceConfig  stm32f4xx_hal_cortex.o
    0x08002c32   0x00000028   Code   RO          698    i.HAL_SYSTICK_Config  stm32f4xx_hal_cortex.o
    0x08002c5a   0x00000002   Code   RO         1218    i.HAL_UART_ErrorCallback  stm32f4xx_hal_uart.o
    0x08002c5c   0x000000f4   Code   RO         1221    i.HAL_UART_IRQHandler  stm32f4xx_hal_uart.o
    0x08002d50   0x0000005e   Code   RO         1222    i.HAL_UART_Init     stm32f4xx_hal_uart.o
    0x08002dae   0x00000002   PAD
    0x08002db0   0x00000094   Code   RO         4457    i.HAL_UART_MspInit  usart.o
    0x08002e44   0x000000ca   Code   RO         1225    i.HAL_UART_Receive  stm32f4xx_hal_uart.o
    0x08002f0e   0x00000002   Code   RO         1228    i.HAL_UART_RxCpltCallback  stm32f4xx_hal_uart.o
    0x08002f10   0x00000002   Code   RO         1233    i.HAL_UART_TxCpltCallback  stm32f4xx_hal_uart.o
    0x08002f12   0x00000002   Code   RO          307    i.HardFault_Handler  stm32f4xx_it.o
    0x08002f14   0x00000080   Code   RO         4542    i.KEY_Init          key.o
    0x08002f94   0x00000048   Code   RO         4518    i.LED_Init          led.o
    0x08002fdc   0x00000002   Code   RO          308    i.MemManage_Handler  stm32f4xx_it.o
    0x08002fde   0x00000002   PAD
    0x08002fe0   0x000001a8   Code   RO         4979    i.NAND_CopyPageWithWrite  nand.o
    0x08003188   0x00000084   Code   RO         4980    i.NAND_CopyPageWithoutWrite  nand.o
    0x0800320c   0x00000010   Code   RO         4981    i.NAND_Delay        nand.o
    0x0800321c   0x00000094   Code   RO         4982    i.NAND_ECC_Correction  nand.o
    0x080032b0   0x00000030   Code   RO         4983    i.NAND_ECC_Get_OE   nand.o
    0x080032e0   0x00000058   Code   RO         4984    i.NAND_EraseBlock   nand.o
    0x08003338   0x000000ac   Code   RO         4986    i.NAND_Init         nand.o
    0x080033e4   0x00000034   Code   RO         4987    i.NAND_ModeSet      nand.o
    0x08003418   0x00000048   Code   RO         4988    i.NAND_ReadID       nand.o
    0x08003460   0x0000023c   Code   RO         4989    i.NAND_ReadPage     nand.o
    0x0800369c   0x00000068   Code   RO         4990    i.NAND_ReadPageComp  nand.o
    0x08003704   0x00000020   Code   RO         4991    i.NAND_ReadSpare    nand.o
    0x08003724   0x00000028   Code   RO         4992    i.NAND_ReadStatus   nand.o
    0x0800374c   0x0000001c   Code   RO         4993    i.NAND_Reset        nand.o
    0x08003768   0x00000024   Code   RO         4994    i.NAND_WaitForReady  nand.o
    0x0800378c   0x00000034   Code   RO         4995    i.NAND_WaitRB       nand.o
    0x080037c0   0x00000158   Code   RO         4996    i.NAND_WritePage    nand.o
    0x08003918   0x00000054   Code   RO         4997    i.NAND_WritePageConst  nand.o
    0x0800396c   0x00000020   Code   RO         4998    i.NAND_WriteSpare   nand.o
    0x0800398c   0x00000002   Code   RO          309    i.NMI_Handler       stm32f4xx_it.o
    0x0800398e   0x00000020   Code   RO          700    i.NVIC_SetPriority  stm32f4xx_hal_cortex.o
    0x080039ae   0x00000002   Code   RO          310    i.PendSV_Handler    stm32f4xx_it.o
    0x080039b0   0x00000024   Code   RO         3445    i.SDIO_DataConfig   stm32f4xx_ll_sdmmc.o
    0x080039d4   0x00000006   Code   RO         3446    i.SDIO_GetCommandResponse  stm32f4xx_ll_sdmmc.o
    0x080039da   0x00000008   Code   RO         3449    i.SDIO_GetPowerState  stm32f4xx_ll_sdmmc.o
    0x080039e2   0x00000002   PAD
    0x080039e4   0x00000010   Code   RO         3450    i.SDIO_GetResponse  stm32f4xx_ll_sdmmc.o
    0x080039f4   0x00000024   Code   RO         3451    i.SDIO_Init         stm32f4xx_ll_sdmmc.o
    0x08003a18   0x00000008   Code   RO         3453    i.SDIO_PowerState_ON  stm32f4xx_ll_sdmmc.o
    0x08003a20   0x00000006   Code   RO         3454    i.SDIO_ReadFIFO     stm32f4xx_ll_sdmmc.o
    0x08003a26   0x00000020   Code   RO         3455    i.SDIO_SendCommand  stm32f4xx_ll_sdmmc.o
    0x08003a46   0x0000000a   Code   RO         3457    i.SDIO_WriteFIFO    stm32f4xx_ll_sdmmc.o
    0x08003a50   0x00000060   Code   RO         4576    i.SDRAM_Init        sdram.o
    0x08003ab0   0x00000050   Code   RO         4577    i.SDRAM_Initialization_Sequence  sdram.o
    0x08003b00   0x00000034   Code   RO         4578    i.SDRAM_Send_Cmd    sdram.o
    0x08003b34   0x000000ec   Code   RO         3566    i.SD_CmdResp1Error  stm32f4xx_hal_sd.o
    0x08003c20   0x0000002e   Code   RO         3567    i.SD_CmdResp2Error  stm32f4xx_hal_sd.o
    0x08003c4e   0x00000072   Code   RO         3568    i.SD_CmdResp6Error  stm32f4xx_hal_sd.o
    0x08003cc0   0x00000046   Code   RO         3569    i.SD_CmdResp7Error  stm32f4xx_hal_sd.o
    0x08003d06   0x0000010a   Code   RO         3574    i.SD_FindSCR        stm32f4xx_hal_sd.o
    0x08003e10   0x00000040   Code   RO         4635    i.SD_Init           sdio_sdcard.o
    0x08003e50   0x000000dc   Code   RO         3575    i.SD_Initialize_Cards  stm32f4xx_hal_sd.o
    0x08003f2c   0x0000013c   Code   RO         3576    i.SD_IsCardProgramming  stm32f4xx_hal_sd.o
    0x08004068   0x0000018c   Code   RO         3577    i.SD_PowerON        stm32f4xx_hal_sd.o
    0x080041f4   0x00000078   Code   RO         4636    i.SD_ReadDisk       sdio_sdcard.o
    0x0800426c   0x00000072   Code   RO         3578    i.SD_WideBus_Disable  stm32f4xx_hal_sd.o
    0x080042de   0x00000074   Code   RO         3579    i.SD_WideBus_Enable  stm32f4xx_hal_sd.o
    0x08004352   0x00000002   PAD
    0x08004354   0x0000007c   Code   RO         4637    i.SD_WriteDisk      sdio_sdcard.o
    0x080043d0   0x00000050   Code   RO         4690    i.SPI1_Init         spi.o
    0x08004420   0x00000020   Code   RO         4691    i.SPI1_ReadWriteByte  spi.o
    0x08004440   0x00000034   Code   RO         4692    i.SPI1_SetSpeed     spi.o
    0x08004474   0x00000020   Code   RO         4694    i.SPI5_ReadWriteByte  spi.o
    0x08004494   0x0000009e   Code   RO         3818    i.SPI_WaitOnFlagUntilTimeout  stm32f4xx_hal_spi.o
    0x08004532   0x00000002   PAD
    0x08004534   0x00000144   Code   RO         5186    i.STMFLASH_GetFlashSector  stmflash.o
    0x08004678   0x00000098   Code   RO         5189    i.STMFLASH_Write    stmflash.o
    0x08004710   0x00000002   Code   RO          311    i.SVC_Handler       stm32f4xx_it.o
    0x08004712   0x00000002   PAD
    0x08004714   0x00000084   Code   RO         4430    i.Stm32_Clock_Init  sys.o
    0x08004798   0x00000004   Code   RO          312    i.SysTick_Handler   stm32f4xx_it.o
    0x0800479c   0x00000054   Code   RO          384    i.SystemInit        system_stm32f4xx.o
    0x080047f0   0x000000a6   Code   RO         1240    i.UART_Receive_IT   stm32f4xx_hal_uart.o
    0x08004896   0x00000002   PAD
    0x08004898   0x00000174   Code   RO         1241    i.UART_SetConfig    stm32f4xx_hal_uart.o
    0x08004a0c   0x00000066   Code   RO         1242    i.UART_Transmit_IT  stm32f4xx_hal_uart.o
    0x08004a72   0x00000092   Code   RO         1243    i.UART_WaitOnFlagUntilTimeout  stm32f4xx_hal_uart.o
    0x08004b04   0x0000006c   Code   RO         4458    i.USART1_IRQHandler  usart.o
    0x08004b70   0x00000002   Code   RO          313    i.UsageFault_Handler  stm32f4xx_it.o
    0x08004b72   0x00000002   PAD
    0x08004b74   0x00000058   Code   RO         4756    i.W25QXX_Erase_Sector  w25qxx.o
    0x08004bcc   0x0000009c   Code   RO         4757    i.W25QXX_Init       w25qxx.o
    0x08004c68   0x00000068   Code   RO         4759    i.W25QXX_Read       w25qxx.o
    0x08004cd0   0x00000044   Code   RO         4760    i.W25QXX_ReadID     w25qxx.o
    0x08004d14   0x00000038   Code   RO         4761    i.W25QXX_ReadSR     w25qxx.o
    0x08004d4c   0x0000000e   Code   RO         4763    i.W25QXX_Wait_Busy  w25qxx.o
    0x08004d5a   0x00000002   PAD
    0x08004d5c   0x0000009c   Code   RO         4764    i.W25QXX_Write      w25qxx.o
    0x08004df8   0x00000020   Code   RO         4766    i.W25QXX_Write_Enable  w25qxx.o
    0x08004e18   0x0000003e   Code   RO         4767    i.W25QXX_Write_NoCheck  w25qxx.o
    0x08004e56   0x00000002   PAD
    0x08004e58   0x0000006c   Code   RO         4768    i.W25QXX_Write_Page  w25qxx.o
    0x08004ec4   0x00000002   Code   RO         4459    i._sys_exit         usart.o
    0x08004ec6   0x00000002   PAD
    0x08004ec8   0x00000058   Code   RO         5317    i.check_fs          ff.o
    0x08004f20   0x00000010   Code   RO         5318    i.chk_chr           ff.o
    0x08004f30   0x00000024   Code   RO         5319    i.clmt_clust        ff.o
    0x08004f54   0x00000018   Code   RO         5320    i.clust2sect        ff.o
    0x08004f6c   0x000000a4   Code   RO         5321    i.create_chain      ff.o
    0x08005010   0x00000138   Code   RO         5322    i.create_name       ff.o
    0x08005148   0x00000014   Code   RO         4391    i.delay_init        delay.o
    0x0800515c   0x0000001a   Code   RO         4392    i.delay_ms          delay.o
    0x08005176   0x00000002   PAD
    0x08005178   0x00000034   Code   RO         4393    i.delay_us          delay.o
    0x080051ac   0x00000048   Code   RO         5323    i.dir_alloc         ff.o
    0x080051f4   0x00000062   Code   RO         5324    i.dir_find          ff.o
    0x08005256   0x000000ee   Code   RO         5325    i.dir_next          ff.o
    0x08005344   0x00000060   Code   RO         5326    i.dir_read          ff.o
    0x080053a4   0x00000038   Code   RO         5327    i.dir_register      ff.o
    0x080053dc   0x00000082   Code   RO         5329    i.dir_sdi           ff.o
    0x0800545e   0x00000028   Code   RO         5660    i.disk_initialize   diskio.o
    0x08005486   0x00000002   PAD
    0x08005488   0x0000009c   Code   RO         5661    i.disk_ioctl        diskio.o
    0x08005524   0x00000066   Code   RO         5662    i.disk_read         diskio.o
    0x0800558a   0x00000004   Code   RO         5663    i.disk_status       diskio.o
    0x0800558e   0x00000060   Code   RO         5664    i.disk_write        diskio.o
    0x080055ee   0x00000002   PAD
    0x080055f0   0x00000064   Code   RO         5732    i.exfuns_init       exfuns.o
    0x08005654   0x00000114   Code   RO         5334    i.f_getcwd          ff.o
    0x08005768   0x000004c4   Code   RO         5340    i.f_mkfs            ff.o
    0x08005c2c   0x0000004c   Code   RO         5341    i.f_mount           ff.o
    0x08005c78   0x0000014a   Code   RO         5342    i.f_open            ff.o
    0x08005dc2   0x00000066   Code   RO         5343    i.f_opendir         ff.o
    0x08005e28   0x00000146   Code   RO         5347    i.f_read            ff.o
    0x08005f6e   0x0000004a   Code   RO         5348    i.f_readdir         ff.o
    0x08005fb8   0x00000114   Code   RO         5350    i.f_setlabel        ff.o
    0x080060cc   0x0000024c   Code   RO         5356    i.find_volume       ff.o
    0x08006318   0x00000094   Code   RO         5357    i.follow_path       ff.o
    0x080063ac   0x00000014   Code   RO         4460    i.fputc             usart.o
    0x080063c0   0x000000be   Code   RO         5358    i.get_fat           ff.o
    0x0800647e   0x00000004   Code   RO         5667    i.get_fattime       diskio.o
    0x08006482   0x00000068   Code   RO         5359    i.get_fileinfo      ff.o
    0x080064ea   0x00000002   PAD
    0x080064ec   0x00000044   Code   RO         5360    i.get_ldnumber      ff.o
    0x08006530   0x0000002c   Code   RO         5969    i.iap_load_app      iap.o
    0x0800655c   0x0000006c   Code   RO         5970    i.iap_write_appbin  iap.o
    0x080065c8   0x00000026   Code   RO         5361    i.ld_clust          ff.o
    0x080065ee   0x00000016   Code   RO         5362    i.ld_dword          ff.o
    0x08006604   0x0000000a   Code   RO         5363    i.ld_word           ff.o
    0x0800660e   0x00000002   PAD
    0x08006610   0x000002fc   Code   RO            4    i.main              main.o
    0x0800690c   0x00000012   Code   RO         5364    i.mem_cpy           ff.o
    0x0800691e   0x0000000c   Code   RO         5365    i.mem_set           ff.o
    0x0800692a   0x00000002   PAD
    0x0800692c   0x0000005c   Code   RO         5827    i.mf_scan_files     fattester.o
    0x08006988   0x00000032   Code   RO         5366    i.move_window       ff.o
    0x080069ba   0x00000002   PAD
    0x080069bc   0x00000058   Code   RO         5237    i.my_mem_free       malloc.o
    0x08006a14   0x0000002c   Code   RO         5238    i.my_mem_init       malloc.o
    0x08006a40   0x00000088   Code   RO         5239    i.my_mem_malloc     malloc.o
    0x08006ac8   0x0000003c   Code   RO         5240    i.my_mem_perused    malloc.o
    0x08006b04   0x00000018   Code   RO         5241    i.myfree            malloc.o
    0x08006b1c   0x00000020   Code   RO         5242    i.mymalloc          malloc.o
    0x08006b3c   0x0000000c   Code   RO         5244    i.mymemset          malloc.o
    0x08006b48   0x000000ea   Code   RO         5367    i.put_fat           ff.o
    0x08006c32   0x00000072   Code   RO         5369    i.remove_chain      ff.o
    0x08006ca4   0x00000028   Code   RO         5370    i.st_clust          ff.o
    0x08006ccc   0x00000010   Code   RO         5371    i.st_dword          ff.o
    0x08006cdc   0x00000008   Code   RO         5372    i.st_word           ff.o
    0x08006ce4   0x00000088   Code   RO         5373    i.sync_fs           ff.o
    0x08006d6c   0x00000052   Code   RO         5374    i.sync_window       ff.o
    0x08006dbe   0x00000002   PAD
    0x08006dc0   0x00000024   Code   RO         4461    i.uart_init         usart.o
    0x08006de4   0x00000032   Code   RO         5375    i.validate          ff.o
    0x08006e16   0x0000000a   Code   RO         6210    x$fpl$fpinit        fz_wm.l(fpinit.o)
    0x08006e20   0x00000010   Data   RO         1079    .constdata          stm32f4xx_hal_rcc.o
    0x08006e30   0x00000024   Data   RO         5252    .constdata          malloc.o
    0x08006e54   0x0000003c   Data   RO         5377    .constdata          ff.o
    0x08006e90   0x00000028   Data   RO         6022    .constdata          c_w.l(_printf_hex_int.o)
    0x08006eb8   0x00000020   Data   RO         6264    Region$$Table       anon$$obj.o


    Execution Region RW_IRAM1 (Base: 0x20000000, Size: 0x0002ceb8, Max: 0x00030000, ABSOLUTE)

    Base Addr    Size         Type   Attr      Idx    E Section Name        Object

    0x20000000   0x00000004   Data   RW            6    .data               main.o
    0x20000004   0x00000014   Data   RW          385    .data               system_stm32f4xx.o
    0x20000018   0x00000004   Data   RW          549    .data               stm32f4xx_hal.o
    0x2000001c   0x00000004   Data   RW         4394    .data               delay.o
    0x20000020   0x00000002   Data   RW         4463    .data               usart.o
    0x20000022   0x00000002   PAD
    0x20000024   0x00000004   Data   RW         4464    .data               usart.o
    0x20000028   0x00000002   Data   RW         4771    .data               w25qxx.o
    0x2000002a   0x00000002   PAD
    0x2000002c   0x00000004   Data   RW         4886    .data               ftl.o
    0x20000030   0x00000024   Data   RW         5253    .data               malloc.o
    0x20000054   0x00000004   Data   RW         5378    .data               ff.o
    0x20000058   0x0000000c   Data   RW         5739    .data               exfuns.o
    0x20000064   0x00000004   Data   RW         5740    .data               exfuns.o
    0x20000068   0x00000004   Data   RW         5972    .data               iap.o
    0x2000006c   0x0000022c   Zero   RW            5    .bss                main.o
    0x20000298   0x00000020   Zero   RW         4172    .bss                stm32f4xx_hal_flash.o
    0x200002b8   0x00000108   Zero   RW         4462    .bss                usart.o
    0x200003c0   0x00000034   Zero   RW         4579    .bss                sdram.o
    0x200003f4   0x00000004   PAD
    0x200003f8   0x000002b8   Zero   RW         4638    .bss                sdio_sdcard.o
    0x200006b0   0x000000b0   Zero   RW         4696    .bss                spi.o
    0x20000760   0x00001000   Zero   RW         4770    .bss                w25qxx.o
    0x20001760   0x00000094   Zero   RW         4999    .bss                nand.o
    0x200017f4   0x0000000c   PAD
    0x20001800   0x00028000   Zero   RW         5250    .bss                malloc.o
    0x20029800   0x00002800   Zero   RW         5251    .bss                malloc.o
    0x2002c000   0x0000000c   Zero   RW         5376    .bss                ff.o
    0x2002c00c   0x0000000c   Zero   RW         5734    .bss                exfuns.o
    0x2002c018   0x00000018   Zero   RW         5735    .bss                exfuns.o
    0x2002c030   0x00000024   Zero   RW         5736    .bss                exfuns.o
    0x2002c054   0x00000800   Zero   RW         5971    .bss                iap.o
    0x2002c854   0x00000060   Zero   RW         6142    .bss                c_w.l(libspace.o)
    0x2002c8b4   0x00000004   PAD
    0x2002c8b8   0x00000200   Zero   RW          517    HEAP                startup_stm32f429xx.o
    0x2002cab8   0x00000400   Zero   RW          516    STACK               startup_stm32f429xx.o



  Load Region LR$$.ARM.__AT_0x10000000 (Base: 0x10000000, Size: 0x00000000, Max: 0x0000f000, ABSOLUTE)

    Execution Region ER$$.ARM.__AT_0x10000000 (Base: 0x10000000, Size: 0x0000f000, Max: 0x0000f000, ABSOLUTE, UNINIT)

    Base Addr    Size         Type   Attr      Idx    E Section Name        Object

    0x10000000   0x0000f000   Zero   RW         5246    .ARM.__AT_0x10000000  malloc.o



  Load Region LR$$.ARM.__AT_0x1000F000 (Base: 0x1000f000, Size: 0x00000000, Max: 0x00000f00, ABSOLUTE)

    Execution Region ER$$.ARM.__AT_0x1000F000 (Base: 0x1000f000, Size: 0x00000f00, Max: 0x00000f00, ABSOLUTE, UNINIT)

    Base Addr    Size         Type   Attr      Idx    E Section Name        Object

    0x1000f000   0x00000f00   Zero   RW         5247    .ARM.__AT_0x1000F000  malloc.o



  Load Region LR$$.ARM.__AT_0xC01F4000 (Base: 0xc01f4000, Size: 0x00000000, Max: 0x01c3c000, ABSOLUTE)

    Execution Region ER$$.ARM.__AT_0xC01F4000 (Base: 0xc01f4000, Size: 0x01c3c000, Max: 0x01c3c000, ABSOLUTE, UNINIT)

    Base Addr    Size         Type   Attr      Idx    E Section Name        Object

    0xc01f4000   0x01c3c000   Zero   RW         5248    .ARM.__AT_0xC01F4000  malloc.o



  Load Region LR$$.ARM.__AT_0xC1E30000 (Base: 0xc1e30000, Size: 0x00000000, Max: 0x001c3c00, ABSOLUTE)

    Execution Region ER$$.ARM.__AT_0xC1E30000 (Base: 0xc1e30000, Size: 0x001c3c00, Max: 0x001c3c00, ABSOLUTE, UNINIT)

    Base Addr    Size         Type   Attr      Idx    E Section Name        Object

    0xc1e30000   0x001c3c00   Zero   RW         5249    .ARM.__AT_0xC1E30000  malloc.o


==============================================================================

Image component sizes


      Code (inc. data)   RO Data    RW Data    ZI Data      Debug   Object Name

        98          8          0          4          0       1963   delay.o
       402         10          0          0          0       4672   diskio.o
       100          8          0         16         72       1803   exfuns.o
        92         26          0          0          0       1204   fattester.o
      5938        144         60          4         12      39869   ff.o
      1904        296          0          4          0      11623   ftl.o
       152         14          0          4       2048       2108   iap.o
       128         18          0          0          0        991   key.o
        72         10          0          0          0        875   led.o
       764        330          0          4        556     437437   main.o
       396         42         36         36   31695616       6601   malloc.o
      2652        280          0          0        148      18141   nand.o
       440         32          0          0        696       4107   sdio_sdcard.o
       448         46          0          0         52       3438   sdram.o
       276         30          0          0        176       3500   spi.o
        64         26        428          0       1536        836   startup_stm32f429xx.o
       144         16          0          4          0       4764   stm32f4xx_hal.o
       218         14          0          0          0      30941   stm32f4xx_hal_cortex.o
       552         66          0          0         32       6726   stm32f4xx_hal_flash.o
       396         24          0          0          0       4430   stm32f4xx_hal_flash_ex.o
       486         54          0          0          0       2660   stm32f4xx_hal_gpio.o
        98          0          0          0          0       1256   stm32f4xx_hal_nand.o
       136         14          0          0          0       1312   stm32f4xx_hal_pwr_ex.o
      1572         72         16          0          0       6395   stm32f4xx_hal_rcc.o
      3732         20          0          0          0      21028   stm32f4xx_hal_sd.o
       146          0          0          0          0       2744   stm32f4xx_hal_sdram.o
       972          0          0          0          0       3789   stm32f4xx_hal_spi.o
      1332          8          0          0          0       8722   stm32f4xx_hal_uart.o
        20          0          0          0          0       4034   stm32f4xx_it.o
       460          6          0          0          0       5925   stm32f4xx_ll_fmc.o
       158          4          0          0          0       6141   stm32f4xx_ll_sdmmc.o
       476         96          0          0          0       2671   stmflash.o
       148         10          0          0          0       1647   sys.o
        84         18          0         20          0       1049   system_stm32f4xx.o
       314         36          0          6        264       4859   usart.o
       844         88          0          2       4096       7685   w25qxx.o

    ----------------------------------------------------------------------
     26262       1866        572        108   31705320     667946   Object Totals
         0          0         32          0          0          0   (incl. Generated)
        48          0          0          4         16          0   (incl. Padding)

    ----------------------------------------------------------------------

      Code (inc. data)   RO Data    RW Data    ZI Data      Debug   Library Member Name

         8          0          0          0          0         68   __main.o
       184          0          0          0          0         84   __printf_ss.o
         0          0          0          0          0          0   __rtentry.o
        12          0          0          0          0          0   __rtentry2.o
         6          0          0          0          0          0   __rtentry4.o
        52          8          0          0          0          0   __scatter.o
        26          0          0          0          0          0   __scatter_copy.o
        28          0          0          0          0          0   __scatter_zi.o
        44          0          0          0          0        108   _printf_char.o
        48          6          0          0          0         96   _printf_char_common.o
        36          4          0          0          0         80   _printf_char_file.o
         6          0          0          0          0          0   _printf_d.o
       120         16          0          0          0         92   _printf_dec.o
        88          4         40          0          0         88   _printf_hex_int.o
       178          0          0          0          0         88   _printf_intcommon.o
         0          0          0          0          0          0   _printf_percent.o
         4          0          0          0          0          0   _printf_percent_end.o
         6          0          0          0          0          0   _printf_s.o
        82          0          0          0          0         80   _printf_str.o
         6          0          0          0          0          0   _printf_x.o
        18          0          0          0          0         80   exit.o
         8          0          0          0          0         68   ferror.o
         6          0          0          0          0        152   heapauxi.o
         2          0          0          0          0          0   libinit.o
         6          0          0          0          0          0   libinit2.o
         2          0          0          0          0          0   libshutdown.o
         2          0          0          0          0          0   libshutdown2.o
         8          4          0          0         96         68   libspace.o
        24          4          0          0          0         84   noretval__2printf.o
        68          0          0          0          0         68   rt_memclr.o
        78          0          0          0          0         80   rt_memclr_w.o
       138          0          0          0          0         68   rt_memcpy_v6.o
       100          0          0          0          0         80   rt_memcpy_w.o
         2          0          0          0          0          0   rtexit.o
        10          0          0          0          0          0   rtexit2.o
        74          0          0          0          0         80   sys_stackheap_outer.o
         2          0          0          0          0         68   use_no_semi.o
         2          0          0          0          0         68   use_no_semi_2.o
        10          0          0          0          0        116   fpinit.o

    ----------------------------------------------------------------------
      1502         46         40          0        100       1864   Library Totals
         8          0          0          0          4          0   (incl. Padding)

    ----------------------------------------------------------------------

      Code (inc. data)   RO Data    RW Data    ZI Data      Debug   Library Name

      1484         46         40          0         96       1748   c_w.l
        10          0          0          0          0        116   fz_wm.l

    ----------------------------------------------------------------------
      1502         46         40          0        100       1864   Library Totals

    ----------------------------------------------------------------------

==============================================================================


      Code (inc. data)   RO Data    RW Data    ZI Data      Debug   

     27764       1912        612        108   31705420     647926   Grand Totals
     27764       1912        612        108   31705420     647926   ELF Image Totals
     27764       1912        612        108          0          0   ROM Totals

==============================================================================

    Total RO  Size (Code + RO Data)                28376 (  27.71kB)
    Total RW  Size (RW Data + ZI Data)          31705528 (30962.43kB)
    Total ROM Size (Code + RO Data + RW Data)      28484 (  27.82kB)

==============================================================================

