<html>
<body>
<pre>
<h1>µVision Build Log</h1>
<h2>Tool Versions:</h2>
IDE-Version: ¦ÌVision V5.21.1.0
Copyright (C) 2016 ARM Ltd and ARM Germany GmbH. All rights reserved.
License Information: fa fa, fa, LIC=UB4Y8-3LN7L-47URQ-NK5UV-FB8KI-Y8E5K
 
Tool Versions:
Toolchain:       MDK-ARM Professional  Version: 5.21a
Toolchain Path:  D:\Programs\Keil_v5\ARM\ARMCC\Bin
C Compiler:      Armcc.exe V5.06 update 3 (build 300)
Assembler:       Armasm.exe V5.06 update 3 (build 300)
Linker/Locator:  ArmLink.exe V5.06 update 3 (build 300)
Library Manager: ArmAr.exe V5.06 update 3 (build 300)
Hex Converter:   FromElf.exe V5.06 update 3 (build 300)
CPU DLL:         SARMCM3.DLL V5.21a
Dialog DLL:      DCM.DLL V1.13.8.0
Target DLL:      CMSIS_AGDI.dll V1.26.5.0
Dialog DLL:      TCM.DLL V1.14.14.0
 
<h2>Project:</h2>
E:\CProject\bootloader\stm32f4 bootload\BOOTLOAD\USER\FATFS.uvprojx
Project File Date:  03/13/2020

<h2>Output:</h2>
*** Using Compiler 'V5.06 update 3 (build 300)', folder: 'D:\Programs\Keil_v5\ARM\ARMCC\Bin'
Rebuild target 'FATFS'
assembling startup_stm32f429xx.s...
compiling stm32f4xx_hal_uart.c...
compiling stm32f4xx_hal_rcc_ex.c...
compiling stm32f4xx_hal_pwr_ex.c...
compiling stm32f4xx_hal.c...
compiling system_stm32f4xx.c...
compiling stm32f4xx_hal_gpio.c...
compiling main.c...
main.c(24): warning:  #177-D: variable "free" was declared but never referenced
   	u32 free;
main.c(27): warning:  #177-D: variable "t" was declared but never referenced
  	u8 t=0;	
main.c: 2 warnings, 0 errors
compiling stm32f4xx_hal_pwr.c...
compiling stm32f4xx_it.c...
compiling stm32f4xx_hal_cortex.c...
compiling stm32f4xx_hal_rcc.c...
compiling stm32f4xx_hal_dma_ex.c...
compiling stm32f4xx_hal_ltdc_ex.c...
compiling stm32f4xx_hal_usart.c...
compiling stm32f4xx_hal_tim.c...
compiling stm32f4xx_ll_fmc.c...
compiling stm32f4xx_hal_dma2d.c...
compiling stm32f4xx_hal_ltdc.c...
compiling stm32f4xx_hal_sram.c...
compiling stm32f4xx_hal_sdram.c...
compiling stm32f4xx_hal_tim_ex.c...
compiling stm32f4xx_hal_dma.c...
compiling delay.c...
compiling led.c...
compiling stm32f4xx_hal_nand.c...
compiling sys.c...
compiling stm32f4xx_hal_flash_ramfunc.c...
compiling stm32f4xx_ll_sdmmc.c...
compiling stm32f4xx_hal_spi.c...
compiling stm32f4xx_hal_flash_ex.c...
compiling stm32f4xx_hal_flash.c...
compiling usart.c...
compiling stm32f4xx_hal_sd.c...
compiling ff.c...
compiling key.c...
compiling stmflash.c...
compiling nandtester.c...
compiling sdram.c...
compiling malloc.c...
compiling spi.c...
compiling diskio.c...
compiling sdio_sdcard.c...
compiling nand.c...
compiling ftl.c...
compiling w25qxx.c...
compiling iap.c...
compiling exfuns.c...
compiling fattester.c...
..\FATFS\exfuns\fattester.c(118): warning:  #181-D: argument is incompatible with corresponding format string conversion
  	printf("dir.obj.objsize:%lld\r\n",dir.obj.objsize);
..\FATFS\exfuns\fattester.c(126): warning:  #181-D: argument is incompatible with corresponding format string conversion
  	printf("File Size is:%lld\r\n",fileinfo.fsize);
..\FATFS\exfuns\fattester.c: 2 warnings, 0 errors
linking...
Program Size: Code=27768 RO-data=612 RW-data=108 ZI-data=31705420  
FromELF: creating hex file...
"..\OBJ\FATFS.axf" - 0 Error(s), 4 Warning(s).

<h2>Collection of Component include folders:</h2>
  E:\CProject\bootloader\stm32f4 bootload\BOOTLOAD\USER\RTE
  D:\Programs\Keil_v5\ARM\PACK\Keil\STM32F4xx_DFP\2.11.0\Drivers\CMSIS\Device\ST\STM32F4xx\Include

<h2>Collection of Component Files used:</h2>
Build Time Elapsed:  00:00:21
</pre>
</body>
</html>
