<html>
<body>
<pre>
<h1>µVision Build Log</h1>
<h2>Tool Versions:</h2>
IDE-Version: ¦ÌVision V5.21.1.0
Copyright (C) 2016 ARM Ltd and ARM Germany GmbH. All rights reserved.
License Information: fa fa, fa, LIC=UB4Y8-3LN7L-47URQ-NK5UV-FB8KI-Y8E5K
 
Tool Versions:
Toolchain:       MDK-ARM Professional  Version: 5.21a
Toolchain Path:  D:\Programs\Keil_v5\ARM\ARMCC\Bin
C Compiler:      Armcc.exe V5.06 update 3 (build 300)
Assembler:       Armasm.exe V5.06 update 3 (build 300)
Linker/Locator:  ArmLink.exe V5.06 update 3 (build 300)
Library Manager: ArmAr.exe V5.06 update 3 (build 300)
Hex Converter:   FromElf.exe V5.06 update 3 (build 300)
CPU DLL:         SARMCM3.DLL V5.21a
Dialog DLL:      DCM.DLL V1.13.8.0
Target DLL:      CMSIS_AGDI.dll V1.26.5.0
Dialog DLL:      TCM.DLL V1.14.14.0
 
<h2>Project:</h2>
E:\CProject\bootloader\IAP Bootloader V1.0\USER\IAP.uvprojx
Project File Date:  03/13/2020

<h2>Output:</h2>
*** Using Compiler 'V5.06 update 3 (build 300)', folder: 'D:\Programs\Keil_v5\ARM\ARMCC\Bin'
Rebuild target 'IAP'
assembling startup_stm32f429xx.s...
compiling stm32f4xx_hal_rcc_ex.c...
compiling stm32f4xx_hal.c...
compiling stm32f4xx_hal_gpio.c...
compiling stm32f4xx_hal_pwr_ex.c...
compiling stm32f4xx_hal_uart.c...
compiling stm32f4xx_hal_pwr.c...
compiling system_stm32f4xx.c...
compiling stm32f4xx_it.c...
compiling stm32f4xx_hal_cortex.c...
compiling stm32f4xx_hal_rcc.c...
compiling main.c...
main.c(23): warning:  #177-D: variable "t" was declared but never referenced
  	u32 t,i;
main.c(23): warning:  #177-D: variable "i" was declared but never referenced
  	u32 t,i;
main.c(25): warning:  #177-D: variable "key" was declared but never referenced
  	u8 key;
main.c: 3 warnings, 0 errors
compiling stm32f4xx_hal_dma_ex.c...
compiling stm32f4xx_hal_dma.c...
compiling stm32f4xx_hal_sram.c...
compiling stm32f4xx_hal_sdram.c...
compiling stm32f4xx_hal_ltdc.c...
compiling stm32f4xx_hal_usart.c...
compiling stm32f4xx_hal_tim_ex.c...
compiling stm32f4xx_hal_dma2d.c...
compiling stm32f4xx_hal_ltdc_ex.c...
compiling stm32f4xx_ll_fmc.c...
compiling stm32f4xx_hal_tim.c...
compiling stm32f4xx_hal_spi.c...
compiling key.c...
compiling stm32f4xx_hal_flash_ex.c...
compiling stm32f4xx_hal_flash.c...
compiling usart.c...
compiling delay.c...
compiling sys.c...
compiling lcd.c...
compiling sdram.c...
compiling ltdc.c...
compiling led.c...
compiling stmflash.c...
compiling iap.c...
linking...
Program Size: Code=8454 RO-data=478 RW-data=40 ZI-data=2236376  
FromELF: creating hex file...
"..\OBJ\IAP.axf" - 0 Error(s), 3 Warning(s).

<h2>Collection of Component include folders:</h2>
  E:\CProject\bootloader\IAP Bootloader V1.0\USER\RTE
  D:\Programs\Keil_v5\ARM\PACK\Keil\STM32F4xx_DFP\2.11.0\Drivers\CMSIS\Device\ST\STM32F4xx\Include

<h2>Collection of Component Files used:</h2>
Build Time Elapsed:  00:00:15
</pre>
</body>
</html>
